Archive member included to satisfy reference by file (symbol)

c:/st/stm32cubeide_1.12.1/stm32cubeide/plugins/com.st.stm32cube.ide.mcu.externaltools.gnu-tools-for-stm32.10.3-2021.10.win32_1.0.200.202301161003/tools/bin/../lib/gcc/arm-none-eabi/10.3.1/../../../../arm-none-eabi/lib/thumb/v7e-m+fp/hard\libc_nano.a(lib_a-errno.o)
                              ./Core/Src/syscalls.o (__errno)
c:/st/stm32cubeide_1.12.1/stm32cubeide/plugins/com.st.stm32cube.ide.mcu.externaltools.gnu-tools-for-stm32.10.3-2021.10.win32_1.0.200.202301161003/tools/bin/../lib/gcc/arm-none-eabi/10.3.1/../../../../arm-none-eabi/lib/thumb/v7e-m+fp/hard\libc_nano.a(lib_a-exit.o)
                              c:/st/stm32cubeide_1.12.1/stm32cubeide/plugins/com.st.stm32cube.ide.mcu.externaltools.gnu-tools-for-stm32.10.3-2021.10.win32_1.0.200.202301161003/tools/bin/../lib/gcc/arm-none-eabi/10.3.1/../../../../arm-none-eabi/lib/thumb/v7e-m+fp/hard/crt0.o (exit)
c:/st/stm32cubeide_1.12.1/stm32cubeide/plugins/com.st.stm32cube.ide.mcu.externaltools.gnu-tools-for-stm32.10.3-2021.10.win32_1.0.200.202301161003/tools/bin/../lib/gcc/arm-none-eabi/10.3.1/../../../../arm-none-eabi/lib/thumb/v7e-m+fp/hard\libc_nano.a(lib_a-impure.o)
                              c:/st/stm32cubeide_1.12.1/stm32cubeide/plugins/com.st.stm32cube.ide.mcu.externaltools.gnu-tools-for-stm32.10.3-2021.10.win32_1.0.200.202301161003/tools/bin/../lib/gcc/arm-none-eabi/10.3.1/../../../../arm-none-eabi/lib/thumb/v7e-m+fp/hard\libc_nano.a(lib_a-exit.o) (_global_impure_ptr)
c:/st/stm32cubeide_1.12.1/stm32cubeide/plugins/com.st.stm32cube.ide.mcu.externaltools.gnu-tools-for-stm32.10.3-2021.10.win32_1.0.200.202301161003/tools/bin/../lib/gcc/arm-none-eabi/10.3.1/../../../../arm-none-eabi/lib/thumb/v7e-m+fp/hard\libc_nano.a(lib_a-init.o)
                              c:/st/stm32cubeide_1.12.1/stm32cubeide/plugins/com.st.stm32cube.ide.mcu.externaltools.gnu-tools-for-stm32.10.3-2021.10.win32_1.0.200.202301161003/tools/bin/../lib/gcc/arm-none-eabi/10.3.1/../../../../arm-none-eabi/lib/thumb/v7e-m+fp/hard/crt0.o (__libc_init_array)
c:/st/stm32cubeide_1.12.1/stm32cubeide/plugins/com.st.stm32cube.ide.mcu.externaltools.gnu-tools-for-stm32.10.3-2021.10.win32_1.0.200.202301161003/tools/bin/../lib/gcc/arm-none-eabi/10.3.1/../../../../arm-none-eabi/lib/thumb/v7e-m+fp/hard\libc_nano.a(lib_a-memcpy-stub.o)
                              ./Core/Src/main.o (memcpy)
c:/st/stm32cubeide_1.12.1/stm32cubeide/plugins/com.st.stm32cube.ide.mcu.externaltools.gnu-tools-for-stm32.10.3-2021.10.win32_1.0.200.202301161003/tools/bin/../lib/gcc/arm-none-eabi/10.3.1/../../../../arm-none-eabi/lib/thumb/v7e-m+fp/hard\libc_nano.a(lib_a-memset.o)
                              c:/st/stm32cubeide_1.12.1/stm32cubeide/plugins/com.st.stm32cube.ide.mcu.externaltools.gnu-tools-for-stm32.10.3-2021.10.win32_1.0.200.202301161003/tools/bin/../lib/gcc/arm-none-eabi/10.3.1/../../../../arm-none-eabi/lib/thumb/v7e-m+fp/hard/crt0.o (memset)
c:/st/stm32cubeide_1.12.1/stm32cubeide/plugins/com.st.stm32cube.ide.mcu.externaltools.gnu-tools-for-stm32.10.3-2021.10.win32_1.0.200.202301161003/tools/bin/../lib/gcc/arm-none-eabi/10.3.1/thumb/v7e-m+fp/hard\libgcc.a(_arm_addsubdf3.o)
                              ./Core/Src/main.o (__aeabi_f2d)
c:/st/stm32cubeide_1.12.1/stm32cubeide/plugins/com.st.stm32cube.ide.mcu.externaltools.gnu-tools-for-stm32.10.3-2021.10.win32_1.0.200.202301161003/tools/bin/../lib/gcc/arm-none-eabi/10.3.1/thumb/v7e-m+fp/hard\libgcc.a(_arm_cmpdf2.o)
                              ./Core/Src/main.o (__aeabi_dcmplt)
c:/st/stm32cubeide_1.12.1/stm32cubeide/plugins/com.st.stm32cube.ide.mcu.externaltools.gnu-tools-for-stm32.10.3-2021.10.win32_1.0.200.202301161003/tools/bin/../lib/gcc/arm-none-eabi/10.3.1/thumb/v7e-m+fp/hard\libgcc.a(_aeabi_uldivmod.o)
                              ./Drivers/STM32F4xx_HAL_Driver/Src/stm32f4xx_hal_rcc.o (__aeabi_uldivmod)
c:/st/stm32cubeide_1.12.1/stm32cubeide/plugins/com.st.stm32cube.ide.mcu.externaltools.gnu-tools-for-stm32.10.3-2021.10.win32_1.0.200.202301161003/tools/bin/../lib/gcc/arm-none-eabi/10.3.1/thumb/v7e-m+fp/hard\libgcc.a(_udivmoddi4.o)
                              c:/st/stm32cubeide_1.12.1/stm32cubeide/plugins/com.st.stm32cube.ide.mcu.externaltools.gnu-tools-for-stm32.10.3-2021.10.win32_1.0.200.202301161003/tools/bin/../lib/gcc/arm-none-eabi/10.3.1/thumb/v7e-m+fp/hard\libgcc.a(_aeabi_uldivmod.o) (__udivmoddi4)
c:/st/stm32cubeide_1.12.1/stm32cubeide/plugins/com.st.stm32cube.ide.mcu.externaltools.gnu-tools-for-stm32.10.3-2021.10.win32_1.0.200.202301161003/tools/bin/../lib/gcc/arm-none-eabi/10.3.1/thumb/v7e-m+fp/hard\libgcc.a(_dvmd_tls.o)
                              c:/st/stm32cubeide_1.12.1/stm32cubeide/plugins/com.st.stm32cube.ide.mcu.externaltools.gnu-tools-for-stm32.10.3-2021.10.win32_1.0.200.202301161003/tools/bin/../lib/gcc/arm-none-eabi/10.3.1/thumb/v7e-m+fp/hard\libgcc.a(_aeabi_uldivmod.o) (__aeabi_ldiv0)

Discarded input sections

[...]
Memory Configuration

Name             Origin             Length             Attributes
RAM              0x0000000020000000 0x0000000000018000 xrw
FLASH            0x0000000008000000 0x0000000000080000 xr
*default*        0x0000000000000000 0xffffffffffffffff

Linker script and memory map

LOAD c:/st/stm32cubeide_1.12.1/stm32cubeide/plugins/com.st.stm32cube.ide.mcu.externaltools.gnu-tools-for-stm32.10.3-2021.10.win32_1.0.200.202301161003/tools/bin/../lib/gcc/arm-none-eabi/10.3.1/thumb/v7e-m+fp/hard/crti.o
LOAD c:/st/stm32cubeide_1.12.1/stm32cubeide/plugins/com.st.stm32cube.ide.mcu.externaltools.gnu-tools-for-stm32.10.3-2021.10.win32_1.0.200.202301161003/tools/bin/../lib/gcc/arm-none-eabi/10.3.1/thumb/v7e-m+fp/hard/crtbegin.o
LOAD c:/st/stm32cubeide_1.12.1/stm32cubeide/plugins/com.st.stm32cube.ide.mcu.externaltools.gnu-tools-for-stm32.10.3-2021.10.win32_1.0.200.202301161003/tools/bin/../lib/gcc/arm-none-eabi/10.3.1/../../../../arm-none-eabi/lib/thumb/v7e-m+fp/hard/crt0.o
LOAD ./Core/Src/main.o
LOAD ./Core/Src/stm32f4xx_hal_msp.o
LOAD ./Core/Src/stm32f4xx_it.o
LOAD ./Core/Src/syscalls.o
LOAD ./Core/Src/sysmem.o
LOAD ./Core/Src/system_stm32f4xx.o
LOAD ./Core/Startup/startup_stm32f401retx.o
LOAD ./Drivers/STM32F4xx_HAL_Driver/Src/stm32f4xx_hal.o
LOAD ./Drivers/STM32F4xx_HAL_Driver/Src/stm32f4xx_hal_adc.o
LOAD ./Drivers/STM32F4xx_HAL_Driver/Src/stm32f4xx_hal_adc_ex.o
LOAD ./Drivers/STM32F4xx_HAL_Driver/Src/stm32f4xx_hal_cortex.o
LOAD ./Drivers/STM32F4xx_HAL_Driver/Src/stm32f4xx_hal_dma.o
LOAD ./Drivers/STM32F4xx_HAL_Driver/Src/stm32f4xx_hal_dma_ex.o
LOAD ./Drivers/STM32F4xx_HAL_Driver/Src/stm32f4xx_hal_exti.o
LOAD ./Drivers/STM32F4xx_HAL_Driver/Src/stm32f4xx_hal_flash.o
LOAD ./Drivers/STM32F4xx_HAL_Driver/Src/stm32f4xx_hal_flash_ex.o
LOAD ./Drivers/STM32F4xx_HAL_Driver/Src/stm32f4xx_hal_flash_ramfunc.o
LOAD ./Drivers/STM32F4xx_HAL_Driver/Src/stm32f4xx_hal_gpio.o
LOAD ./Drivers/STM32F4xx_HAL_Driver/Src/stm32f4xx_hal_pwr.o
LOAD ./Drivers/STM32F4xx_HAL_Driver/Src/stm32f4xx_hal_pwr_ex.o
LOAD ./Drivers/STM32F4xx_HAL_Driver/Src/stm32f4xx_hal_rcc.o
LOAD ./Drivers/STM32F4xx_HAL_Driver/Src/stm32f4xx_hal_rcc_ex.o
LOAD ./Drivers/STM32F4xx_HAL_Driver/Src/stm32f4xx_hal_tim.o
LOAD ./Drivers/STM32F4xx_HAL_Driver/Src/stm32f4xx_hal_tim_ex.o
LOAD ./Drivers/STM32F4xx_HAL_Driver/Src/stm32f4xx_hal_uart.o
LOAD ./Drivers/STM32F4xx_HAL_Driver/Src/stm32f4xx_ll_adc.o
START GROUP
LOAD c:/st/stm32cubeide_1.12.1/stm32cubeide/plugins/com.st.stm32cube.ide.mcu.externaltools.gnu-tools-for-stm32.10.3-2021.10.win32_1.0.200.202301161003/tools/bin/../lib/gcc/arm-none-eabi/10.3.1/../../../../arm-none-eabi/lib/thumb/v7e-m+fp/hard\libc_nano.a
LOAD c:/st/stm32cubeide_1.12.1/stm32cubeide/plugins/com.st.stm32cube.ide.mcu.externaltools.gnu-tools-for-stm32.10.3-2021.10.win32_1.0.200.202301161003/tools/bin/../lib/gcc/arm-none-eabi/10.3.1/../../../../arm-none-eabi/lib/thumb/v7e-m+fp/hard\libm.a
END GROUP
START GROUP
LOAD c:/st/stm32cubeide_1.12.1/stm32cubeide/plugins/com.st.stm32cube.ide.mcu.externaltools.gnu-tools-for-stm32.10.3-2021.10.win32_1.0.200.202301161003/tools/bin/../lib/gcc/arm-none-eabi/10.3.1/thumb/v7e-m+fp/hard\libgcc.a
LOAD c:/st/stm32cubeide_1.12.1/stm32cubeide/plugins/com.st.stm32cube.ide.mcu.externaltools.gnu-tools-for-stm32.10.3-2021.10.win32_1.0.200.202301161003/tools/bin/../lib/gcc/arm-none-eabi/10.3.1/../../../../arm-none-eabi/lib/thumb/v7e-m+fp/hard\libc_nano.a
END GROUP
START GROUP
LOAD c:/st/stm32cubeide_1.12.1/stm32cubeide/plugins/com.st.stm32cube.ide.mcu.externaltools.gnu-tools-for-stm32.10.3-2021.10.win32_1.0.200.202301161003/tools/bin/../lib/gcc/arm-none-eabi/10.3.1/thumb/v7e-m+fp/hard\libgcc.a
LOAD c:/st/stm32cubeide_1.12.1/stm32cubeide/plugins/com.st.stm32cube.ide.mcu.externaltools.gnu-tools-for-stm32.10.3-2021.10.win32_1.0.200.202301161003/tools/bin/../lib/gcc/arm-none-eabi/10.3.1/../../../../arm-none-eabi/lib/thumb/v7e-m+fp/hard\libc_nano.a
LOAD c:/st/stm32cubeide_1.12.1/stm32cubeide/plugins/com.st.stm32cube.ide.mcu.externaltools.gnu-tools-for-stm32.10.3-2021.10.win32_1.0.200.202301161003/tools/bin/../lib/gcc/arm-none-eabi/10.3.1/../../../../arm-none-eabi/lib/thumb/v7e-m+fp/hard\libnosys.a
END GROUP
START GROUP
LOAD c:/st/stm32cubeide_1.12.1/stm32cubeide/plugins/com.st.stm32cube.ide.mcu.externaltools.gnu-tools-for-stm32.10.3-2021.10.win32_1.0.200.202301161003/tools/bin/../lib/gcc/arm-none-eabi/10.3.1/thumb/v7e-m+fp/hard\libgcc.a
LOAD c:/st/stm32cubeide_1.12.1/stm32cubeide/plugins/com.st.stm32cube.ide.mcu.externaltools.gnu-tools-for-stm32.10.3-2021.10.win32_1.0.200.202301161003/tools/bin/../lib/gcc/arm-none-eabi/10.3.1/../../../../arm-none-eabi/lib/thumb/v7e-m+fp/hard\libc_nano.a
LOAD c:/st/stm32cubeide_1.12.1/stm32cubeide/plugins/com.st.stm32cube.ide.mcu.externaltools.gnu-tools-for-stm32.10.3-2021.10.win32_1.0.200.202301161003/tools/bin/../lib/gcc/arm-none-eabi/10.3.1/../../../../arm-none-eabi/lib/thumb/v7e-m+fp/hard\libnosys.a
END GROUP
LOAD c:/st/stm32cubeide_1.12.1/stm32cubeide/plugins/com.st.stm32cube.ide.mcu.externaltools.gnu-tools-for-stm32.10.3-2021.10.win32_1.0.200.202301161003/tools/bin/../lib/gcc/arm-none-eabi/10.3.1/thumb/v7e-m+fp/hard/crtend.o
LOAD c:/st/stm32cubeide_1.12.1/stm32cubeide/plugins/com.st.stm32cube.ide.mcu.externaltools.gnu-tools-for-stm32.10.3-2021.10.win32_1.0.200.202301161003/tools/bin/../lib/gcc/arm-none-eabi/10.3.1/thumb/v7e-m+fp/hard/crtn.o
                0x0000000020018000                _estack = (ORIGIN (RAM) + LENGTH (RAM))
                0x0000000000000200                _Min_Heap_Size = 0x200
                0x0000000000000400                _Min_Stack_Size = 0x400

.isr_vector     0x0000000008000000      0x194
                0x0000000008000000                . = ALIGN (0x4)
 *(.isr_vector)
 .isr_vector    0x0000000008000000      0x194 ./Core/Startup/startup_stm32f401retx.o
                0x0000000008000000                g_pfnVectors
                0x0000000008000194                . = ALIGN (0x4)

.text           0x0000000008000198     0x722c
                0x0000000008000198                . = ALIGN (0x4)
 *(.text)
 .text          0x0000000008000198       0x40 c:/st/stm32cubeide_1.12.1/stm32cubeide/plugins/com.st.stm32cube.ide.mcu.externaltools.gnu-tools-for-stm32.10.3-2021.10.win32_1.0.200.202301161003/tools/bin/../lib/gcc/arm-none-eabi/10.3.1/thumb/v7e-m+fp/hard/crtbegin.o
 .text          0x00000000080001d8      0x378 c:/st/stm32cubeide_1.12.1/stm32cubeide/plugins/com.st.stm32cube.ide.mcu.externaltools.gnu-tools-for-stm32.10.3-2021.10.win32_1.0.200.202301161003/tools/bin/../lib/gcc/arm-none-eabi/10.3.1/thumb/v7e-m+fp/hard\libgcc.a(_arm_addsubdf3.o)
                0x00000000080001d8                __aeabi_drsub
                0x00000000080001e0                __aeabi_dsub
                0x00000000080001e0                __subdf3
                0x00000000080001e4                __aeabi_dadd
                0x00000000080001e4                __adddf3
                0x000000000800045c                __floatunsidf
                0x000000000800045c                __aeabi_ui2d
                0x000000000800047c                __floatsidf
                0x000000000800047c                __aeabi_i2d
                0x00000000080004a0                __aeabi_f2d
                0x00000000080004a0                __extendsfdf2
                0x00000000080004e4                __floatundidf
                0x00000000080004e4                __aeabi_ul2d
                0x00000000080004f4                __floatdidf
                0x00000000080004f4                __aeabi_l2d
 .text          0x0000000008000550      0x110 c:/st/stm32cubeide_1.12.1/stm32cubeide/plugins/com.st.stm32cube.ide.mcu.externaltools.gnu-tools-for-stm32.10.3-2021.10.win32_1.0.200.202301161003/tools/bin/../lib/gcc/arm-none-eabi/10.3.1/thumb/v7e-m+fp/hard\libgcc.a(_arm_cmpdf2.o)
                0x0000000008000550                __gtdf2
                0x0000000008000550                __gedf2
                0x0000000008000558                __ltdf2
                0x0000000008000558                __ledf2
                0x0000000008000560                __nedf2
                0x0000000008000560                __eqdf2
                0x0000000008000560                __cmpdf2
                0x00000000080005dc                __aeabi_cdrcmple
                0x00000000080005ec                __aeabi_cdcmpeq
                0x00000000080005ec                __aeabi_cdcmple
                0x00000000080005fc                __aeabi_dcmpeq
                0x0000000008000610                __aeabi_dcmplt
                0x0000000008000624                __aeabi_dcmple
                0x0000000008000638                __aeabi_dcmpge
                0x000000000800064c                __aeabi_dcmpgt
 .text          0x0000000008000660       0x30 c:/st/stm32cubeide_1.12.1/stm32cubeide/plugins/com.st.stm32cube.ide.mcu.externaltools.gnu-tools-for-stm32.10.3-2021.10.win32_1.0.200.202301161003/tools/bin/../lib/gcc/arm-none-eabi/10.3.1/thumb/v7e-m+fp/hard\libgcc.a(_aeabi_uldivmod.o)
                0x0000000008000660                __aeabi_uldivmod
 .text          0x0000000008000690      0x2d0 c:/st/stm32cubeide_1.12.1/stm32cubeide/plugins/com.st.stm32cube.ide.mcu.externaltools.gnu-tools-for-stm32.10.3-2021.10.win32_1.0.200.202301161003/tools/bin/../lib/gcc/arm-none-eabi/10.3.1/thumb/v7e-m+fp/hard\libgcc.a(_udivmoddi4.o)
                0x0000000008000690                __udivmoddi4
 .text          0x0000000008000960        0x4 c:/st/stm32cubeide_1.12.1/stm32cubeide/plugins/com.st.stm32cube.ide.mcu.externaltools.gnu-tools-for-stm32.10.3-2021.10.win32_1.0.200.202301161003/tools/bin/../lib/gcc/arm-none-eabi/10.3.1/thumb/v7e-m+fp/hard\libgcc.a(_dvmd_tls.o)
                0x0000000008000960                __aeabi_idiv0
                0x0000000008000960                __aeabi_ldiv0
 *(.text*)
 .text.HAL_UART_RxCpltCallback
                0x0000000008000964       0x40 ./Core/Src/main.o
                0x0000000008000964                HAL_UART_RxCpltCallback
 .text.HAL_TIM_PeriodElapsedCallback
                0x00000000080009a4       0xc4 ./Core/Src/main.o
                0x00000000080009a4                HAL_TIM_PeriodElapsedCallback
 .text.uart     0x0000000008000a68       0x4c ./Core/Src/main.o
                0x0000000008000a68                uart
 .text.initEsp  0x0000000008000ab4      0x208 ./Core/Src/main.o
                0x0000000008000ab4                initEsp
 .text.recibirmensaje
                0x0000000008000cbc      0xca0 ./Core/Src/main.o
                0x0000000008000cbc                recibirmensaje
 .text.udpCom   0x000000000800195c      0x210 ./Core/Src/main.o
                0x000000000800195c                udpCom
 .text.DecodeComands
                0x0000000008001b6c      0x46c ./Core/Src/main.o
                0x0000000008001b6c                DecodeComands
 .text.findLine
                0x0000000008001fd8      0x284 ./Core/Src/main.o
                0x0000000008001fd8                findLine
 *fill*         0x000000000800225c        0x4 
 .text.calcPID  0x0000000008002260      0x1d0 ./Core/Src/main.o
                0x0000000008002260                calcPID
 .text.main     0x0000000008002430      0x34c ./Core/Src/main.o
                0x0000000008002430                main
 .text.SystemClock_Config
                0x000000000800277c       0xd8 ./Core/Src/main.o
                0x000000000800277c                SystemClock_Config
 .text.MX_ADC1_Init
                0x0000000008002854      0x14c ./Core/Src/main.o
 .text.MX_TIM3_Init
                0x00000000080029a0      0x12c ./Core/Src/main.o
 .text.MX_TIM4_Init
                0x0000000008002acc       0x9c ./Core/Src/main.o
 .text.MX_USART1_UART_Init
                0x0000000008002b68       0x54 ./Core/Src/main.o
 .text.MX_USART2_UART_Init
                0x0000000008002bbc       0x54 ./Core/Src/main.o
 .text.MX_DMA_Init
                0x0000000008002c10       0x40 ./Core/Src/main.o
 .text.MX_GPIO_Init
                0x0000000008002c50       0xdc ./Core/Src/main.o
 .text.Error_Handler
                0x0000000008002d2c        0xa ./Core/Src/main.o
                0x0000000008002d2c                Error_Handler
 *fill*         0x0000000008002d36        0x2 
 .text.HAL_MspInit
                0x0000000008002d38       0x50 ./Core/Src/stm32f4xx_hal_msp.o
                0x0000000008002d38                HAL_MspInit
 .text.HAL_ADC_MspInit
                0x0000000008002d88      0x174 ./Core/Src/stm32f4xx_hal_msp.o
                0x0000000008002d88                HAL_ADC_MspInit
 .text.HAL_TIM_Base_MspInit
                0x0000000008002efc       0x8c ./Core/Src/stm32f4xx_hal_msp.o
                0x0000000008002efc                HAL_TIM_Base_MspInit
 .text.HAL_TIM_MspPostInit
                0x0000000008002f88       0x74 ./Core/Src/stm32f4xx_hal_msp.o
                0x0000000008002f88                HAL_TIM_MspPostInit
 .text.HAL_UART_MspInit
                0x0000000008002ffc      0x108 ./Core/Src/stm32f4xx_hal_msp.o
                0x0000000008002ffc                HAL_UART_MspInit
 .text.NMI_Handler
                0x0000000008003104        0x6 ./Core/Src/stm32f4xx_it.o
                0x0000000008003104                NMI_Handler
 .text.HardFault_Handler
                0x000000000800310a        0x6 ./Core/Src/stm32f4xx_it.o
                0x000000000800310a                HardFault_Handler
 .text.MemManage_Handler
                0x0000000008003110        0x6 ./Core/Src/stm32f4xx_it.o
                0x0000000008003110                MemManage_Handler
 .text.BusFault_Handler
                0x0000000008003116        0x6 ./Core/Src/stm32f4xx_it.o
                0x0000000008003116                BusFault_Handler
 .text.UsageFault_Handler
                0x000000000800311c        0x6 ./Core/Src/stm32f4xx_it.o
                0x000000000800311c                UsageFault_Handler
 .text.SVC_Handler
                0x0000000008003122        0xe ./Core/Src/stm32f4xx_it.o
                0x0000000008003122                SVC_Handler
 .text.DebugMon_Handler
                0x0000000008003130        0xe ./Core/Src/stm32f4xx_it.o
                0x0000000008003130                DebugMon_Handler
 .text.PendSV_Handler
                0x000000000800313e        0xe ./Core/Src/stm32f4xx_it.o
                0x000000000800313e                PendSV_Handler
 .text.SysTick_Handler
                0x000000000800314c        0xc ./Core/Src/stm32f4xx_it.o
                0x000000000800314c                SysTick_Handler
 .text.ADC_IRQHandler
                0x0000000008003158       0x14 ./Core/Src/stm32f4xx_it.o
                0x0000000008003158                ADC_IRQHandler
 .text.TIM3_IRQHandler
                0x000000000800316c       0x14 ./Core/Src/stm32f4xx_it.o
                0x000000000800316c                TIM3_IRQHandler
 .text.TIM4_IRQHandler
                0x0000000008003180       0x14 ./Core/Src/stm32f4xx_it.o
                0x0000000008003180                TIM4_IRQHandler
 .text.USART1_IRQHandler
                0x0000000008003194       0x14 ./Core/Src/stm32f4xx_it.o
                0x0000000008003194                USART1_IRQHandler
 .text.DMA2_Stream0_IRQHandler
                0x00000000080031a8       0x14 ./Core/Src/stm32f4xx_it.o
                0x00000000080031a8                DMA2_Stream0_IRQHandler
 .text.SystemInit
                0x00000000080031bc       0x24 ./Core/Src/system_stm32f4xx.o
                0x00000000080031bc                SystemInit
 .text.Reset_Handler
                0x00000000080031e0       0x50 ./Core/Startup/startup_stm32f401retx.o
                0x00000000080031e0                Reset_Handler
 .text.Default_Handler
                0x0000000008003230        0x2 ./Core/Startup/startup_stm32f401retx.o
                0x0000000008003230                RTC_Alarm_IRQHandler
                0x0000000008003230                EXTI2_IRQHandler
                0x0000000008003230                SPI4_IRQHandler
                0x0000000008003230                TIM1_CC_IRQHandler
                0x0000000008003230                DMA2_Stream5_IRQHandler
                0x0000000008003230                DMA1_Stream5_IRQHandler
                0x0000000008003230                PVD_IRQHandler
                0x0000000008003230                SDIO_IRQHandler
                0x0000000008003230                TAMP_STAMP_IRQHandler
                0x0000000008003230                EXTI3_IRQHandler
                0x0000000008003230                TIM1_UP_TIM10_IRQHandler
                0x0000000008003230                I2C3_ER_IRQHandler
                0x0000000008003230                EXTI0_IRQHandler
                0x0000000008003230                I2C2_EV_IRQHandler
                0x0000000008003230                DMA1_Stream2_IRQHandler
                0x0000000008003230                FPU_IRQHandler
                0x0000000008003230                DMA2_Stream2_IRQHandler
                0x0000000008003230                SPI1_IRQHandler
                0x0000000008003230                TIM1_BRK_TIM9_IRQHandler
                0x0000000008003230                DMA2_Stream3_IRQHandler
                0x0000000008003230                USART6_IRQHandler
                0x0000000008003230                I2C1_EV_IRQHandler
                0x0000000008003230                DMA1_Stream6_IRQHandler
                0x0000000008003230                DMA1_Stream1_IRQHandler
                0x0000000008003230                RCC_IRQHandler
                0x0000000008003230                Default_Handler
                0x0000000008003230                EXTI15_10_IRQHandler
                0x0000000008003230                DMA1_Stream7_IRQHandler
                0x0000000008003230                TIM5_IRQHandler
                0x0000000008003230                DMA2_Stream7_IRQHandler
                0x0000000008003230                I2C3_EV_IRQHandler
                0x0000000008003230                EXTI9_5_IRQHandler
                0x0000000008003230                RTC_WKUP_IRQHandler
                0x0000000008003230                SPI2_IRQHandler
                0x0000000008003230                DMA1_Stream0_IRQHandler
                0x0000000008003230                EXTI4_IRQHandler
                0x0000000008003230                WWDG_IRQHandler
                0x0000000008003230                TIM2_IRQHandler
                0x0000000008003230                OTG_FS_WKUP_IRQHandler
                0x0000000008003230                TIM1_TRG_COM_TIM11_IRQHandler
                0x0000000008003230                EXTI1_IRQHandler
                0x0000000008003230                USART2_IRQHandler
                0x0000000008003230                I2C2_ER_IRQHandler
                0x0000000008003230                DMA2_Stream1_IRQHandler
                0x0000000008003230                FLASH_IRQHandler
                0x0000000008003230                DMA2_Stream4_IRQHandler
                0x0000000008003230                OTG_FS_IRQHandler
                0x0000000008003230                SPI3_IRQHandler
                0x0000000008003230                DMA1_Stream4_IRQHandler
                0x0000000008003230                I2C1_ER_IRQHandler
                0x0000000008003230                DMA2_Stream6_IRQHandler
                0x0000000008003230                DMA1_Stream3_IRQHandler
 *fill*         0x0000000008003232        0x2 
 .text.HAL_Init
                0x0000000008003234       0x44 ./Drivers/STM32F4xx_HAL_Driver/Src/stm32f4xx_hal.o
                0x0000000008003234                HAL_Init
 .text.HAL_InitTick
                0x0000000008003278       0x60 ./Drivers/STM32F4xx_HAL_Driver/Src/stm32f4xx_hal.o
                0x0000000008003278                HAL_InitTick
 .text.HAL_IncTick
                0x00000000080032d8       0x28 ./Drivers/STM32F4xx_HAL_Driver/Src/stm32f4xx_hal.o
                0x00000000080032d8                HAL_IncTick
 .text.HAL_GetTick
                0x0000000008003300       0x18 ./Drivers/STM32F4xx_HAL_Driver/Src/stm32f4xx_hal.o
                0x0000000008003300                HAL_GetTick
 .text.HAL_ADC_Init
                0x0000000008003318       0x86 ./Drivers/STM32F4xx_HAL_Driver/Src/stm32f4xx_hal_adc.o
                0x0000000008003318                HAL_ADC_Init
 .text.HAL_ADC_IRQHandler
                0x000000000800339e      0x220 ./Drivers/STM32F4xx_HAL_Driver/Src/stm32f4xx_hal_adc.o
                0x000000000800339e                HAL_ADC_IRQHandler
 *fill*         0x00000000080035be        0x2 
 .text.HAL_ADC_Start_DMA
                0x00000000080035c0      0x1e0 ./Drivers/STM32F4xx_HAL_Driver/Src/stm32f4xx_hal_adc.o
                0x00000000080035c0                HAL_ADC_Start_DMA
 .text.HAL_ADC_ConvCpltCallback
                0x00000000080037a0       0x14 ./Drivers/STM32F4xx_HAL_Driver/Src/stm32f4xx_hal_adc.o
                0x00000000080037a0                HAL_ADC_ConvCpltCallback
 .text.HAL_ADC_ConvHalfCpltCallback
                0x00000000080037b4       0x14 ./Drivers/STM32F4xx_HAL_Driver/Src/stm32f4xx_hal_adc.o
                0x00000000080037b4                HAL_ADC_ConvHalfCpltCallback
 .text.HAL_ADC_LevelOutOfWindowCallback
                0x00000000080037c8       0x14 ./Drivers/STM32F4xx_HAL_Driver/Src/stm32f4xx_hal_adc.o
                0x00000000080037c8                HAL_ADC_LevelOutOfWindowCallback
 .text.HAL_ADC_ErrorCallback
                0x00000000080037dc       0x14 ./Drivers/STM32F4xx_HAL_Driver/Src/stm32f4xx_hal_adc.o
                0x00000000080037dc                HAL_ADC_ErrorCallback
 .text.HAL_ADC_ConfigChannel
                0x00000000080037f0      0x244 ./Drivers/STM32F4xx_HAL_Driver/Src/stm32f4xx_hal_adc.o
                0x00000000080037f0                HAL_ADC_ConfigChannel
 .text.ADC_Init
                0x0000000008003a34      0x1f8 ./Drivers/STM32F4xx_HAL_Driver/Src/stm32f4xx_hal_adc.o
 .text.ADC_DMAConvCplt
                0x0000000008003c2c       0xba ./Drivers/STM32F4xx_HAL_Driver/Src/stm32f4xx_hal_adc.o
 .text.ADC_DMAHalfConvCplt
                0x0000000008003ce6       0x1c ./Drivers/STM32F4xx_HAL_Driver/Src/stm32f4xx_hal_adc.o
 .text.ADC_DMAError
                0x0000000008003d02       0x2e ./Drivers/STM32F4xx_HAL_Driver/Src/stm32f4xx_hal_adc.o
 .text.HAL_ADCEx_InjectedConvCpltCallback
                0x0000000008003d30       0x14 ./Drivers/STM32F4xx_HAL_Driver/Src/stm32f4xx_hal_adc_ex.o
                0x0000000008003d30                HAL_ADCEx_InjectedConvCpltCallback
 .text.__NVIC_SetPriorityGrouping
                0x0000000008003d44       0x48 ./Drivers/STM32F4xx_HAL_Driver/Src/stm32f4xx_hal_cortex.o
 .text.__NVIC_GetPriorityGrouping
                0x0000000008003d8c       0x1c ./Drivers/STM32F4xx_HAL_Driver/Src/stm32f4xx_hal_cortex.o
 .text.__NVIC_EnableIRQ
                0x0000000008003da8       0x3c ./Drivers/STM32F4xx_HAL_Driver/Src/stm32f4xx_hal_cortex.o
 .text.__NVIC_SetPriority
                0x0000000008003de4       0x54 ./Drivers/STM32F4xx_HAL_Driver/Src/stm32f4xx_hal_cortex.o
 .text.NVIC_EncodePriority
                0x0000000008003e38       0x66 ./Drivers/STM32F4xx_HAL_Driver/Src/stm32f4xx_hal_cortex.o
 *fill*         0x0000000008003e9e        0x2 
 .text.SysTick_Config
                0x0000000008003ea0       0x44 ./Drivers/STM32F4xx_HAL_Driver/Src/stm32f4xx_hal_cortex.o
 .text.HAL_NVIC_SetPriorityGrouping
                0x0000000008003ee4       0x16 ./Drivers/STM32F4xx_HAL_Driver/Src/stm32f4xx_hal_cortex.o
                0x0000000008003ee4                HAL_NVIC_SetPriorityGrouping
 .text.HAL_NVIC_SetPriority
                0x0000000008003efa       0x38 ./Drivers/STM32F4xx_HAL_Driver/Src/stm32f4xx_hal_cortex.o
                0x0000000008003efa                HAL_NVIC_SetPriority
 .text.HAL_NVIC_EnableIRQ
                0x0000000008003f32       0x1c ./Drivers/STM32F4xx_HAL_Driver/Src/stm32f4xx_hal_cortex.o
                0x0000000008003f32                HAL_NVIC_EnableIRQ
 .text.HAL_SYSTICK_Config
                0x0000000008003f4e       0x18 ./Drivers/STM32F4xx_HAL_Driver/Src/stm32f4xx_hal_cortex.o
                0x0000000008003f4e                HAL_SYSTICK_Config
 *fill*         0x0000000008003f66        0x2 
 .text.HAL_DMA_Init
                0x0000000008003f68      0x15c ./Drivers/STM32F4xx_HAL_Driver/Src/stm32f4xx_hal_dma.o
                0x0000000008003f68                HAL_DMA_Init
 .text.HAL_DMA_Start_IT
                0x00000000080040c4       0xb0 ./Drivers/STM32F4xx_HAL_Driver/Src/stm32f4xx_hal_dma.o
                0x00000000080040c4                HAL_DMA_Start_IT
 .text.HAL_DMA_Abort
                0x0000000008004174       0xe0 ./Drivers/STM32F4xx_HAL_Driver/Src/stm32f4xx_hal_dma.o
                0x0000000008004174                HAL_DMA_Abort
 .text.HAL_DMA_Abort_IT
                0x0000000008004254       0x44 ./Drivers/STM32F4xx_HAL_Driver/Src/stm32f4xx_hal_dma.o
                0x0000000008004254                HAL_DMA_Abort_IT
 .text.HAL_DMA_IRQHandler
                0x0000000008004298      0x314 ./Drivers/STM32F4xx_HAL_Driver/Src/stm32f4xx_hal_dma.o
                0x0000000008004298                HAL_DMA_IRQHandler
 .text.DMA_SetConfig
                0x00000000080045ac       0x5c ./Drivers/STM32F4xx_HAL_Driver/Src/stm32f4xx_hal_dma.o
 .text.DMA_CalcBaseAndBitshift
                0x0000000008004608       0x6c ./Drivers/STM32F4xx_HAL_Driver/Src/stm32f4xx_hal_dma.o
 .text.DMA_CheckFifoParam
                0x0000000008004674       0xf8 ./Drivers/STM32F4xx_HAL_Driver/Src/stm32f4xx_hal_dma.o
 .text.HAL_GPIO_Init
                0x000000000800476c      0x308 ./Drivers/STM32F4xx_HAL_Driver/Src/stm32f4xx_hal_gpio.o
                0x000000000800476c                HAL_GPIO_Init
 .text.HAL_GPIO_WritePin
                0x0000000008004a74       0x32 ./Drivers/STM32F4xx_HAL_Driver/Src/stm32f4xx_hal_gpio.o
                0x0000000008004a74                HAL_GPIO_WritePin
 .text.HAL_GPIO_TogglePin
                0x0000000008004aa6       0x34 ./Drivers/STM32F4xx_HAL_Driver/Src/stm32f4xx_hal_gpio.o
                0x0000000008004aa6                HAL_GPIO_TogglePin
 *fill*         0x0000000008004ada        0x2 
 .text.HAL_RCC_OscConfig
                0x0000000008004adc      0x4f0 ./Drivers/STM32F4xx_HAL_Driver/Src/stm32f4xx_hal_rcc.o
                0x0000000008004adc                HAL_RCC_OscConfig
 .text.HAL_RCC_ClockConfig
                0x0000000008004fcc      0x1cc ./Drivers/STM32F4xx_HAL_Driver/Src/stm32f4xx_hal_rcc.o
                0x0000000008004fcc                HAL_RCC_ClockConfig
 .text.HAL_RCC_GetSysClockFreq
                0x0000000008005198      0x20c ./Drivers/STM32F4xx_HAL_Driver/Src/stm32f4xx_hal_rcc.o
                0x0000000008005198                HAL_RCC_GetSysClockFreq
 .text.HAL_RCC_GetHCLKFreq
                0x00000000080053a4       0x18 ./Drivers/STM32F4xx_HAL_Driver/Src/stm32f4xx_hal_rcc.o
                0x00000000080053a4                HAL_RCC_GetHCLKFreq
 .text.HAL_RCC_GetPCLK1Freq
                0x00000000080053bc       0x28 ./Drivers/STM32F4xx_HAL_Driver/Src/stm32f4xx_hal_rcc.o
                0x00000000080053bc                HAL_RCC_GetPCLK1Freq
 .text.HAL_RCC_GetPCLK2Freq
                0x00000000080053e4       0x28 ./Drivers/STM32F4xx_HAL_Driver/Src/stm32f4xx_hal_rcc.o
                0x00000000080053e4                HAL_RCC_GetPCLK2Freq
 .text.HAL_TIM_Base_Init
                0x000000000800540c       0x9e ./Drivers/STM32F4xx_HAL_Driver/Src/stm32f4xx_hal_tim.o
                0x000000000800540c                HAL_TIM_Base_Init
 *fill*         0x00000000080054aa        0x2 
 .text.HAL_TIM_Base_Start
                0x00000000080054ac       0xb4 ./Drivers/STM32F4xx_HAL_Driver/Src/stm32f4xx_hal_tim.o
                0x00000000080054ac                HAL_TIM_Base_Start
 .text.HAL_TIM_Base_Start_IT
                0x0000000008005560       0xc4 ./Drivers/STM32F4xx_HAL_Driver/Src/stm32f4xx_hal_tim.o
                0x0000000008005560                HAL_TIM_Base_Start_IT
 .text.HAL_TIM_PWM_Init
                0x0000000008005624       0x9e ./Drivers/STM32F4xx_HAL_Driver/Src/stm32f4xx_hal_tim.o
                0x0000000008005624                HAL_TIM_PWM_Init
 .text.HAL_TIM_PWM_MspInit
                0x00000000080056c2       0x14 ./Drivers/STM32F4xx_HAL_Driver/Src/stm32f4xx_hal_tim.o
                0x00000000080056c2                HAL_TIM_PWM_MspInit
 *fill*         0x00000000080056d6        0x2 
 .text.HAL_TIM_PWM_Start
                0x00000000080056d8      0x160 ./Drivers/STM32F4xx_HAL_Driver/Src/stm32f4xx_hal_tim.o
                0x00000000080056d8                HAL_TIM_PWM_Start
 .text.HAL_TIM_IRQHandler
                0x0000000008005838      0x210 ./Drivers/STM32F4xx_HAL_Driver/Src/stm32f4xx_hal_tim.o
                0x0000000008005838                HAL_TIM_IRQHandler
 .text.HAL_TIM_PWM_ConfigChannel
                0x0000000008005a48      0x184 ./Drivers/STM32F4xx_HAL_Driver/Src/stm32f4xx_hal_tim.o
                0x0000000008005a48                HAL_TIM_PWM_ConfigChannel
 .text.HAL_TIM_ConfigClockSource
                0x0000000008005bcc      0x18e ./Drivers/STM32F4xx_HAL_Driver/Src/stm32f4xx_hal_tim.o
                0x0000000008005bcc                HAL_TIM_ConfigClockSource
 .text.HAL_TIM_OC_DelayElapsedCallback
                0x0000000008005d5a       0x14 ./Drivers/STM32F4xx_HAL_Driver/Src/stm32f4xx_hal_tim.o
                0x0000000008005d5a                HAL_TIM_OC_DelayElapsedCallback
 .text.HAL_TIM_IC_CaptureCallback
                0x0000000008005d6e       0x14 ./Drivers/STM32F4xx_HAL_Driver/Src/stm32f4xx_hal_tim.o
                0x0000000008005d6e                HAL_TIM_IC_CaptureCallback
 .text.HAL_TIM_PWM_PulseFinishedCallback
                0x0000000008005d82       0x14 ./Drivers/STM32F4xx_HAL_Driver/Src/stm32f4xx_hal_tim.o
                0x0000000008005d82                HAL_TIM_PWM_PulseFinishedCallback
 .text.HAL_TIM_TriggerCallback
                0x0000000008005d96       0x14 ./Drivers/STM32F4xx_HAL_Driver/Src/stm32f4xx_hal_tim.o
                0x0000000008005d96                HAL_TIM_TriggerCallback
 *fill*         0x0000000008005daa        0x2 
 .text.TIM_Base_SetConfig
                0x0000000008005dac      0x100 ./Drivers/STM32F4xx_HAL_Driver/Src/stm32f4xx_hal_tim.o
                0x0000000008005dac                TIM_Base_SetConfig
 .text.TIM_OC1_SetConfig
                0x0000000008005eac       0xcc ./Drivers/STM32F4xx_HAL_Driver/Src/stm32f4xx_hal_tim.o
 .text.TIM_OC2_SetConfig
                0x0000000008005f78       0xd8 ./Drivers/STM32F4xx_HAL_Driver/Src/stm32f4xx_hal_tim.o
                0x0000000008005f78                TIM_OC2_SetConfig
 .text.TIM_OC3_SetConfig
                0x0000000008006050       0xd4 ./Drivers/STM32F4xx_HAL_Driver/Src/stm32f4xx_hal_tim.o
 .text.TIM_OC4_SetConfig
                0x0000000008006124       0xa0 ./Drivers/STM32F4xx_HAL_Driver/Src/stm32f4xx_hal_tim.o
 .text.TIM_TI1_ConfigInputStage
                0x00000000080061c4       0x5e ./Drivers/STM32F4xx_HAL_Driver/Src/stm32f4xx_hal_tim.o
 .text.TIM_TI2_ConfigInputStage
                0x0000000008006222       0x60 ./Drivers/STM32F4xx_HAL_Driver/Src/stm32f4xx_hal_tim.o
 .text.TIM_ITRx_SetConfig
                0x0000000008006282       0x36 ./Drivers/STM32F4xx_HAL_Driver/Src/stm32f4xx_hal_tim.o
 .text.TIM_ETR_SetConfig
                0x00000000080062b8       0x40 ./Drivers/STM32F4xx_HAL_Driver/Src/stm32f4xx_hal_tim.o
                0x00000000080062b8                TIM_ETR_SetConfig
 .text.TIM_CCxChannelCmd
                0x00000000080062f8       0x4a ./Drivers/STM32F4xx_HAL_Driver/Src/stm32f4xx_hal_tim.o
                0x00000000080062f8                TIM_CCxChannelCmd
 *fill*         0x0000000008006342        0x2 
 .text.HAL_TIMEx_MasterConfigSynchronization
                0x0000000008006344       0xdc ./Drivers/STM32F4xx_HAL_Driver/Src/stm32f4xx_hal_tim_ex.o
                0x0000000008006344                HAL_TIMEx_MasterConfigSynchronization
 .text.HAL_TIMEx_CommutCallback
                0x0000000008006420       0x14 ./Drivers/STM32F4xx_HAL_Driver/Src/stm32f4xx_hal_tim_ex.o
                0x0000000008006420                HAL_TIMEx_CommutCallback
 .text.HAL_TIMEx_BreakCallback
                0x0000000008006434       0x14 ./Drivers/STM32F4xx_HAL_Driver/Src/stm32f4xx_hal_tim_ex.o
                0x0000000008006434                HAL_TIMEx_BreakCallback
 .text.HAL_UART_Init
                0x0000000008006448       0x9a ./Drivers/STM32F4xx_HAL_Driver/Src/stm32f4xx_hal_uart.o
                0x0000000008006448                HAL_UART_Init
 .text.HAL_UART_Receive_IT
                0x00000000080064e2       0x60 ./Drivers/STM32F4xx_HAL_Driver/Src/stm32f4xx_hal_uart.o
                0x00000000080064e2                HAL_UART_Receive_IT
 *fill*         0x0000000008006542        0x2 
 .text.HAL_UART_IRQHandler
                0x0000000008006544      0x51c ./Drivers/STM32F4xx_HAL_Driver/Src/stm32f4xx_hal_uart.o
                0x0000000008006544                HAL_UART_IRQHandler
 .text.HAL_UART_TxCpltCallback
                0x0000000008006a60       0x14 ./Drivers/STM32F4xx_HAL_Driver/Src/stm32f4xx_hal_uart.o
                0x0000000008006a60                HAL_UART_TxCpltCallback
 .text.HAL_UART_ErrorCallback
                0x0000000008006a74       0x14 ./Drivers/STM32F4xx_HAL_Driver/Src/stm32f4xx_hal_uart.o
                0x0000000008006a74                HAL_UART_ErrorCallback
 .text.HAL_UARTEx_RxEventCallback
                0x0000000008006a88       0x18 ./Drivers/STM32F4xx_HAL_Driver/Src/stm32f4xx_hal_uart.o
                0x0000000008006a88                HAL_UARTEx_RxEventCallback
 .text.UART_Start_Receive_IT
                0x0000000008006aa0       0x7c ./Drivers/STM32F4xx_HAL_Driver/Src/stm32f4xx_hal_uart.o
                0x0000000008006aa0                UART_Start_Receive_IT
 .text.UART_EndRxTransfer
                0x0000000008006b1c       0xc6 ./Drivers/STM32F4xx_HAL_Driver/Src/stm32f4xx_hal_uart.o
 .text.UART_DMAAbortOnError
                0x0000000008006be2       0x28 ./Drivers/STM32F4xx_HAL_Driver/Src/stm32f4xx_hal_uart.o
 .text.UART_Transmit_IT
                0x0000000008006c0a       0xa0 ./Drivers/STM32F4xx_HAL_Driver/Src/stm32f4xx_hal_uart.o
 .text.UART_EndTransmit_IT
                0x0000000008006caa       0x30 ./Drivers/STM32F4xx_HAL_Driver/Src/stm32f4xx_hal_uart.o
 .text.UART_Receive_IT
                0x0000000008006cda      0x176 ./Drivers/STM32F4xx_HAL_Driver/Src/stm32f4xx_hal_uart.o
 .text.UART_SetConfig
                0x0000000008006e50      0x4e8 ./Drivers/STM32F4xx_HAL_Driver/Src/stm32f4xx_hal_uart.o
 .text.__libc_init_array
                0x0000000008007338       0x48 c:/st/stm32cubeide_1.12.1/stm32cubeide/plugins/com.st.stm32cube.ide.mcu.externaltools.gnu-tools-for-stm32.10.3-2021.10.win32_1.0.200.202301161003/tools/bin/../lib/gcc/arm-none-eabi/10.3.1/../../../../arm-none-eabi/lib/thumb/v7e-m+fp/hard\libc_nano.a(lib_a-init.o)
                0x0000000008007338                __libc_init_array
 .text.memcpy   0x0000000008007380       0x1c c:/st/stm32cubeide_1.12.1/stm32cubeide/plugins/com.st.stm32cube.ide.mcu.externaltools.gnu-tools-for-stm32.10.3-2021.10.win32_1.0.200.202301161003/tools/bin/../lib/gcc/arm-none-eabi/10.3.1/../../../../arm-none-eabi/lib/thumb/v7e-m+fp/hard\libc_nano.a(lib_a-memcpy-stub.o)
                0x0000000008007380                memcpy
 .text.memset   0x000000000800739c       0x10 c:/st/stm32cubeide_1.12.1/stm32cubeide/plugins/com.st.stm32cube.ide.mcu.externaltools.gnu-tools-for-stm32.10.3-2021.10.win32_1.0.200.202301161003/tools/bin/../lib/gcc/arm-none-eabi/10.3.1/../../../../arm-none-eabi/lib/thumb/v7e-m+fp/hard\libc_nano.a(lib_a-memset.o)
                0x000000000800739c                memset
 *(.glue_7)
 .glue_7        0x00000000080073ac        0x0 linker stubs
 *(.glue_7t)
 .glue_7t       0x00000000080073ac        0x0 linker stubs
 *(.eh_frame)
 .eh_frame      0x00000000080073ac        0x0 c:/st/stm32cubeide_1.12.1/stm32cubeide/plugins/com.st.stm32cube.ide.mcu.externaltools.gnu-tools-for-stm32.10.3-2021.10.win32_1.0.200.202301161003/tools/bin/../lib/gcc/arm-none-eabi/10.3.1/thumb/v7e-m+fp/hard/crtbegin.o
 *(.init)
 .init          0x00000000080073ac        0x4 c:/st/stm32cubeide_1.12.1/stm32cubeide/plugins/com.st.stm32cube.ide.mcu.externaltools.gnu-tools-for-stm32.10.3-2021.10.win32_1.0.200.202301161003/tools/bin/../lib/gcc/arm-none-eabi/10.3.1/thumb/v7e-m+fp/hard/crti.o
                0x00000000080073ac                _init
 .init          0x00000000080073b0        0x8 c:/st/stm32cubeide_1.12.1/stm32cubeide/plugins/com.st.stm32cube.ide.mcu.externaltools.gnu-tools-for-stm32.10.3-2021.10.win32_1.0.200.202301161003/tools/bin/../lib/gcc/arm-none-eabi/10.3.1/thumb/v7e-m+fp/hard/crtn.o
 *(.fini)
 .fini          0x00000000080073b8        0x4 c:/st/stm32cubeide_1.12.1/stm32cubeide/plugins/com.st.stm32cube.ide.mcu.externaltools.gnu-tools-for-stm32.10.3-2021.10.win32_1.0.200.202301161003/tools/bin/../lib/gcc/arm-none-eabi/10.3.1/thumb/v7e-m+fp/hard/crti.o
                0x00000000080073b8                _fini
 .fini          0x00000000080073bc        0x8 c:/st/stm32cubeide_1.12.1/stm32cubeide/plugins/com.st.stm32cube.ide.mcu.externaltools.gnu-tools-for-stm32.10.3-2021.10.win32_1.0.200.202301161003/tools/bin/../lib/gcc/arm-none-eabi/10.3.1/thumb/v7e-m+fp/hard/crtn.o
                0x00000000080073c4                . = ALIGN (0x4)
                0x00000000080073c4                _etext = .

.vfp11_veneer   0x00000000080073c4        0x0
 .vfp11_veneer  0x00000000080073c4        0x0 linker stubs

.v4_bx          0x00000000080073c4        0x0
 .v4_bx         0x00000000080073c4        0x0 linker stubs

.iplt           0x00000000080073c4        0x0
 .iplt          0x00000000080073c4        0x0 c:/st/stm32cubeide_1.12.1/stm32cubeide/plugins/com.st.stm32cube.ide.mcu.externaltools.gnu-tools-for-stm32.10.3-2021.10.win32_1.0.200.202301161003/tools/bin/../lib/gcc/arm-none-eabi/10.3.1/thumb/v7e-m+fp/hard/crtbegin.o

.rodata         0x00000000080073c4      0x21c
                0x00000000080073c4                . = ALIGN (0x4)
 *(.rodata)
 .rodata        0x00000000080073c4        0x8 ./Core/Src/main.o
 *(.rodata*)
 .rodata.AT_com
                0x00000000080073cc        0x5 ./Core/Src/main.o
                0x00000000080073cc                AT_com
 *fill*         0x00000000080073d1        0x3 
 .rodata.AT_ans
                0x00000000080073d4        0xb ./Core/Src/main.o
                0x00000000080073d4                AT_ans
 *fill*         0x00000000080073df        0x1 
 .rodata.CWQAP  0x00000000080073e0        0xb ./Core/Src/main.o
                0x00000000080073e0                CWQAP
 *fill*         0x00000000080073eb        0x1 
 .rodata.ANS_CWQAP
                0x00000000080073ec       0x11 ./Core/Src/main.o
                0x00000000080073ec                ANS_CWQAP
 *fill*         0x00000000080073fd        0x3 
 .rodata.CWMODE
                0x0000000008007400        0xe ./Core/Src/main.o
                0x0000000008007400                CWMODE
 *fill*         0x000000000800740e        0x2 
 .rodata.ANS_CWMODE
                0x0000000008007410       0x14 ./Core/Src/main.o
                0x0000000008007410                ANS_CWMODE
 .rodata.CWJAP_casa
                0x0000000008007424       0x25 ./Core/Src/main.o
                0x0000000008007424                CWJAP_casa
 *fill*         0x0000000008007449        0x3 
 .rodata.ANS_CWJAP_casa
                0x000000000800744c       0x48 ./Core/Src/main.o
                0x000000000800744c                ANS_CWJAP_casa
 .rodata.CIFSR  0x0000000008007494        0xb ./Core/Src/main.o
                0x0000000008007494                CIFSR
 *fill*         0x000000000800749f        0x1 
 .rodata.CIFSR_STAIP
                0x00000000080074a0        0xe ./Core/Src/main.o
                0x00000000080074a0                CIFSR_STAIP
 *fill*         0x00000000080074ae        0x2 
 .rodata.CIPMUX
                0x00000000080074b0        0xe ./Core/Src/main.o
                0x00000000080074b0                CIPMUX
 *fill*         0x00000000080074be        0x2 
 .rodata.ANS_CIPMUX
                0x00000000080074c0       0x14 ./Core/Src/main.o
                0x00000000080074c0                ANS_CIPMUX
 .rodata.CIPSTART
                0x00000000080074d4       0x31 ./Core/Src/main.o
                0x00000000080074d4                CIPSTART
 *fill*         0x0000000008007505        0x3 
 .rodata.ANS_CIPSTART
                0x0000000008007508       0x31 ./Core/Src/main.o
                0x0000000008007508                ANS_CIPSTART
 *fill*         0x0000000008007539        0x3 
 .rodata.CIPSEND
                0x000000000800753c        0xc ./Core/Src/main.o
                0x000000000800753c                CIPSEND
 .rodata.CIPSEND2
                0x0000000008007548        0x9 ./Core/Src/main.o
                0x0000000008007548                CIPSEND2
 *fill*         0x0000000008007551        0x3 
 .rodata.CIPSEND3
                0x0000000008007554        0x6 ./Core/Src/main.o
                0x0000000008007554                CIPSEND3
 *fill*         0x000000000800755a        0x2 
 .rodata.CIPSEND4
                0x000000000800755c       0x14 ./Core/Src/main.o
                0x000000000800755c                CIPSEND4
 .rodata.OK     0x0000000008007570        0x7 ./Core/Src/main.o
                0x0000000008007570                OK
 *fill*         0x0000000008007577        0x1 
 .rodata.IPD    0x0000000008007578        0x8 ./Core/Src/main.o
                0x0000000008007578                IPD
 .rodata.UNER   0x0000000008007580        0x5 ./Core/Src/main.o
                0x0000000008007580                UNER
 *fill*         0x0000000008007585        0x3 
 .rodata.ALIVE  0x0000000008007588        0x7 ./Core/Src/main.o
                0x0000000008007588                ALIVE
 *fill*         0x000000000800758f        0x1 
 .rodata.ACK_D0
                0x0000000008007590        0x9 ./Core/Src/main.o
                0x0000000008007590                ACK_D0
 *fill*         0x0000000008007599        0x3 
 .rodata.COORD_SENSORES
                0x000000000800759c       0x24 ./Core/Src/main.o
                0x000000000800759c                COORD_SENSORES
 .rodata.AHBPrescTable
                0x00000000080075c0       0x10 ./Core/Src/system_stm32f4xx.o
                0x00000000080075c0                AHBPrescTable
 .rodata.APBPrescTable
                0x00000000080075d0        0x8 ./Core/Src/system_stm32f4xx.o
                0x00000000080075d0                APBPrescTable
 .rodata.flagBitshiftOffset.0
                0x00000000080075d8        0x8 ./Drivers/STM32F4xx_HAL_Driver/Src/stm32f4xx_hal_dma.o
                0x00000000080075e0                . = ALIGN (0x4)

.ARM.extab      0x00000000080075e0        0x0
                0x00000000080075e0                . = ALIGN (0x4)
 *(.ARM.extab* .gnu.linkonce.armextab.*)
                0x00000000080075e0                . = ALIGN (0x4)

.ARM            0x00000000080075e0        0x8
                0x00000000080075e0                . = ALIGN (0x4)
                0x00000000080075e0                __exidx_start = .
 *(.ARM.exidx*)
 .ARM.exidx     0x00000000080075e0        0x8 c:/st/stm32cubeide_1.12.1/stm32cubeide/plugins/com.st.stm32cube.ide.mcu.externaltools.gnu-tools-for-stm32.10.3-2021.10.win32_1.0.200.202301161003/tools/bin/../lib/gcc/arm-none-eabi/10.3.1/thumb/v7e-m+fp/hard\libgcc.a(_udivmoddi4.o)
                0x00000000080075e8                __exidx_end = .
                0x00000000080075e8                . = ALIGN (0x4)

.rel.dyn        0x00000000080075e8        0x0
 .rel.iplt      0x00000000080075e8        0x0 c:/st/stm32cubeide_1.12.1/stm32cubeide/plugins/com.st.stm32cube.ide.mcu.externaltools.gnu-tools-for-stm32.10.3-2021.10.win32_1.0.200.202301161003/tools/bin/../lib/gcc/arm-none-eabi/10.3.1/thumb/v7e-m+fp/hard/crtbegin.o

.preinit_array  0x00000000080075e8        0x0
                0x00000000080075e8                . = ALIGN (0x4)
                0x00000000080075e8                PROVIDE (__preinit_array_start = .)
 *(.preinit_array*)
                0x00000000080075e8                PROVIDE (__preinit_array_end = .)
                0x00000000080075e8                . = ALIGN (0x4)

.init_array     0x00000000080075e8        0x4
                0x00000000080075e8                . = ALIGN (0x4)
                0x00000000080075e8                PROVIDE (__init_array_start = .)
 *(SORT_BY_NAME(.init_array.*))
 *(.init_array*)
 .init_array    0x00000000080075e8        0x4 c:/st/stm32cubeide_1.12.1/stm32cubeide/plugins/com.st.stm32cube.ide.mcu.externaltools.gnu-tools-for-stm32.10.3-2021.10.win32_1.0.200.202301161003/tools/bin/../lib/gcc/arm-none-eabi/10.3.1/thumb/v7e-m+fp/hard/crtbegin.o
                0x00000000080075ec                PROVIDE (__init_array_end = .)
                0x00000000080075ec                . = ALIGN (0x4)

.fini_array     0x00000000080075ec        0x4
                0x00000000080075ec                . = ALIGN (0x4)
                [!provide]                        PROVIDE (__fini_array_start = .)
 *(SORT_BY_NAME(.fini_array.*))
 *(.fini_array*)
 .fini_array    0x00000000080075ec        0x4 c:/st/stm32cubeide_1.12.1/stm32cubeide/plugins/com.st.stm32cube.ide.mcu.externaltools.gnu-tools-for-stm32.10.3-2021.10.win32_1.0.200.202301161003/tools/bin/../lib/gcc/arm-none-eabi/10.3.1/thumb/v7e-m+fp/hard/crtbegin.o
                [!provide]                        PROVIDE (__fini_array_end = .)
                0x00000000080075f0                . = ALIGN (0x4)
                0x00000000080075f0                _sidata = LOADADDR (.data)

.data           0x0000000020000000       0x10 load address 0x00000000080075f0
                0x0000000020000000                . = ALIGN (0x4)
                0x0000000020000000                _sdata = .
 *(.data)
 *(.data*)
 .data.contByte
                0x0000000020000000        0x1 ./Core/Src/main.o
                0x0000000020000000                contByte
 *fill*         0x0000000020000001        0x3 
 .data.SystemCoreClock
                0x0000000020000004        0x4 ./Core/Src/system_stm32f4xx.o
                0x0000000020000004                SystemCoreClock
 .data.uwTickPrio
                0x0000000020000008        0x4 ./Drivers/STM32F4xx_HAL_Driver/Src/stm32f4xx_hal.o
                0x0000000020000008                uwTickPrio
 .data.uwTickFreq
                0x000000002000000c        0x1 ./Drivers/STM32F4xx_HAL_Driver/Src/stm32f4xx_hal.o
                0x000000002000000c                uwTickFreq
 *(.RamFunc)
 *(.RamFunc*)
                0x0000000020000010                . = ALIGN (0x4)
 *fill*         0x000000002000000d        0x3 
                0x0000000020000010                _edata = .

.igot.plt       0x0000000020000010        0x0 load address 0x0000000008007600
 .igot.plt      0x0000000020000010        0x0 c:/st/stm32cubeide_1.12.1/stm32cubeide/plugins/com.st.stm32cube.ide.mcu.externaltools.gnu-tools-for-stm32.10.3-2021.10.win32_1.0.200.202301161003/tools/bin/../lib/gcc/arm-none-eabi/10.3.1/thumb/v7e-m+fp/hard/crtbegin.o
                0x0000000020000010                . = ALIGN (0x4)

.bss            0x0000000020000010      0x630 load address 0x0000000008007600
                0x0000000020000010                _sbss = .
                0x0000000020000010                __bss_start__ = _sbss
 *(.bss)
 .bss           0x0000000020000010       0x1c c:/st/stm32cubeide_1.12.1/stm32cubeide/plugins/com.st.stm32cube.ide.mcu.externaltools.gnu-tools-for-stm32.10.3-2021.10.win32_1.0.200.202301161003/tools/bin/../lib/gcc/arm-none-eabi/10.3.1/thumb/v7e-m+fp/hard/crtbegin.o
 *(.bss*)
 .bss.hadc1     0x000000002000002c       0x48 ./Core/Src/main.o
                0x000000002000002c                hadc1
 .bss.hdma_adc1
                0x0000000020000074       0x60 ./Core/Src/main.o
                0x0000000020000074                hdma_adc1
 .bss.htim3     0x00000000200000d4       0x48 ./Core/Src/main.o
                0x00000000200000d4                htim3
 .bss.htim4     0x000000002000011c       0x48 ./Core/Src/main.o
                0x000000002000011c                htim4
 .bss.huart1    0x0000000020000164       0x44 ./Core/Src/main.o
                0x0000000020000164                huart1
 .bss.huart2    0x00000000200001a8       0x44 ./Core/Src/main.o
                0x00000000200001a8                huart2
 .bss.buf_rx    0x00000000200001ec      0x100 ./Core/Src/main.o
                0x00000000200001ec                buf_rx
 .bss.buf_tx    0x00000000200002ec      0x100 ./Core/Src/main.o
                0x00000000200002ec                buf_tx
 .bss.ADCData   0x00000000200003ec      0x1c0 ./Core/Src/main.o
                0x00000000200003ec                ADCData
 .bss.espIP     0x00000000200005ac        0xf ./Core/Src/main.o
                0x00000000200005ac                espIP
 .bss.time100ms
                0x00000000200005bb        0x1 ./Core/Src/main.o
                0x00000000200005bb                time100ms
 .bss.time10ms  0x00000000200005bc        0x1 ./Core/Src/main.o
                0x00000000200005bc                time10ms
 .bss.indRX_W   0x00000000200005bd        0x1 ./Core/Src/main.o
                0x00000000200005bd                indRX_W
 .bss.indRX_R   0x00000000200005be        0x1 ./Core/Src/main.o
                0x00000000200005be                indRX_R
 .bss.indTX_W   0x00000000200005bf        0x1 ./Core/Src/main.o
                0x00000000200005bf                indTX_W
 .bss.indTX_R   0x00000000200005c0        0x1 ./Core/Src/main.o
                0x00000000200005c0                indTX_R
 .bss.indADC    0x00000000200005c1        0x1 ./Core/Src/main.o
                0x00000000200005c1                indADC
 .bss.coincidencias
                0x00000000200005c2        0x1 ./Core/Src/main.o
                0x00000000200005c2                coincidencias
 .bss.coincidencias2
                0x00000000200005c3        0x1 ./Core/Src/main.o
                0x00000000200005c3                coincidencias2
 .bss.duty      0x00000000200005c4        0x1 ./Core/Src/main.o
                0x00000000200005c4                duty
 .bss.AT        0x00000000200005c5        0x1 ./Core/Src/main.o
                0x00000000200005c5                AT
 .bss.decoCIPSEND
                0x00000000200005c6        0x1 ./Core/Src/main.o
                0x00000000200005c6                decoCIPSEND
 .bss.decodeCIF
                0x00000000200005c7        0x1 ./Core/Src/main.o
                0x00000000200005c7                decodeCIF
 .bss.decoIPD   0x00000000200005c8        0x1 ./Core/Src/main.o
                0x00000000200005c8                decoIPD
 .bss.timeout1  0x00000000200005c9        0x1 ./Core/Src/main.o
                0x00000000200005c9                timeout1
 .bss.timeout2  0x00000000200005ca        0x1 ./Core/Src/main.o
                0x00000000200005ca                timeout2
 .bss.timeoutADC
                0x00000000200005cb        0x1 ./Core/Src/main.o
                0x00000000200005cb                timeoutADC
 .bss.timeoutPID
                0x00000000200005cc        0x1 ./Core/Src/main.o
                0x00000000200005cc                timeoutPID
 .bss.largoIP   0x00000000200005cd        0x1 ./Core/Src/main.o
                0x00000000200005cd                largoIP
 .bss.bytesToSend
                0x00000000200005ce        0x1 ./Core/Src/main.o
                0x00000000200005ce                bytesToSend
 .bss.bytesToSend_aux
                0x00000000200005cf        0x1 ./Core/Src/main.o
                0x00000000200005cf                bytesToSend_aux
 .bss.timeToSendAlive
                0x00000000200005d0        0x1 ./Core/Src/main.o
                0x00000000200005d0                timeToSendAlive
 .bss.cks       0x00000000200005d1        0x1 ./Core/Src/main.o
                0x00000000200005d1                cks
 .bss.bytesUNERprotocol
                0x00000000200005d2        0x1 ./Core/Src/main.o
                0x00000000200005d2                bytesUNERprotocol
 .bss.cmdPosInBuf
                0x00000000200005d3        0x1 ./Core/Src/main.o
                0x00000000200005d3                cmdPosInBuf
 .bss.comandoActual
                0x00000000200005d4        0x1 ./Core/Src/main.o
                0x00000000200005d4                comandoActual
 *fill*         0x00000000200005d5        0x3 
 .bss.PWM_motor1
                0x00000000200005d8        0x4 ./Core/Src/main.o
                0x00000000200005d8                PWM_motor1
 .bss.PWM_motor2
                0x00000000200005dc        0x4 ./Core/Src/main.o
                0x00000000200005dc                PWM_motor2
 .bss.jobTime   0x00000000200005e0        0x4 ./Core/Src/main.o
                0x00000000200005e0                jobTime
 .bss.error     0x00000000200005e4        0x4 ./Core/Src/main.o
                0x00000000200005e4                error
 .bss.Kp        0x00000000200005e8        0x4 ./Core/Src/main.o
                0x00000000200005e8                Kp
 .bss.Kd        0x00000000200005ec        0x4 ./Core/Src/main.o
                0x00000000200005ec                Kd
 .bss.Ki        0x00000000200005f0        0x4 ./Core/Src/main.o
                0x00000000200005f0                Ki
 .bss.flag1     0x00000000200005f4        0x1 ./Core/Src/main.o
                0x00000000200005f4                flag1
 *fill*         0x00000000200005f5        0x3 
 .bss.flag2     0x00000000200005f8        0x1 ./Core/Src/main.o
                0x00000000200005f8                flag2
 *fill*         0x00000000200005f9        0x3 
 .bss.integral  0x00000000200005fc        0x4 ./Core/Src/main.o
                0x00000000200005fc                integral
 .bss.derivativo
                0x0000000020000600        0x4 ./Core/Src/main.o
                0x0000000020000600                derivativo
 .bss.turn      0x0000000020000604        0x4 ./Core/Src/main.o
                0x0000000020000604                turn
 .bss.lastError
                0x0000000020000608        0x4 ./Core/Src/main.o
                0x0000000020000608                lastError
 .bss.posMINCenter
                0x000000002000060c        0x1 ./Core/Src/main.o
                0x000000002000060c                posMINCenter
 .bss.posMINRight
                0x000000002000060d        0x1 ./Core/Src/main.o
                0x000000002000060d                posMINRight
 .bss.posMINLeft
                0x000000002000060e        0x1 ./Core/Src/main.o
                0x000000002000060e                posMINLeft
 *fill*         0x000000002000060f        0x1 
 .bss.sensorValue
                0x0000000020000610        0x2 ./Core/Src/main.o
                0x0000000020000610                sensorValue
 *fill*         0x0000000020000612        0x2 
 .bss.xMin      0x0000000020000614        0x4 ./Core/Src/main.o
                0x0000000020000614                xMin
 .bss.fx2_fx3   0x0000000020000618        0x4 ./Core/Src/main.o
                0x0000000020000618                fx2_fx3
 .bss.fx2_fx1   0x000000002000061c        0x4 ./Core/Src/main.o
                0x000000002000061c                fx2_fx1
 .bss.x2_x1     0x0000000020000620        0x4 ./Core/Src/main.o
                0x0000000020000620                x2_x1
 .bss.x2_x3     0x0000000020000624        0x4 ./Core/Src/main.o
                0x0000000020000624                x2_x3
 .bss.x2_x1cuad
                0x0000000020000628        0x4 ./Core/Src/main.o
                0x0000000020000628                x2_x1cuad
 .bss.x2_x3cuad
                0x000000002000062c        0x4 ./Core/Src/main.o
                0x000000002000062c                x2_x3cuad
 .bss.denominador
                0x0000000020000630        0x4 ./Core/Src/main.o
                0x0000000020000630                denominador
 .bss.numerador
                0x0000000020000634        0x4 ./Core/Src/main.o
                0x0000000020000634                numerador
 .bss.cuenta    0x0000000020000638        0x4 ./Core/Src/main.o
                0x0000000020000638                cuenta
 .bss.uwTick    0x000000002000063c        0x4 ./Drivers/STM32F4xx_HAL_Driver/Src/stm32f4xx_hal.o
                0x000000002000063c                uwTick
 *(COMMON)
                0x0000000020000640                . = ALIGN (0x4)
                0x0000000020000640                _ebss = .
                0x0000000020000640                __bss_end__ = _ebss

._user_heap_stack
                0x0000000020000640      0x600 load address 0x0000000008007600
                0x0000000020000640                . = ALIGN (0x8)
                [!provide]                        PROVIDE (end = .)
                0x0000000020000640                PROVIDE (_end = .)
                0x0000000020000840                . = (. + _Min_Heap_Size)
 *fill*         0x0000000020000640      0x200 
                0x0000000020000c40                . = (. + _Min_Stack_Size)
 *fill*         0x0000000020000840      0x400 
                0x0000000020000c40                . = ALIGN (0x8)

/DISCARD/
 libc.a(*)
 libm.a(*)
 libgcc.a(*)

.ARM.attributes
                0x0000000000000000       0x30
 *(.ARM.attributes)
 .ARM.attributes
                0x0000000000000000       0x1e c:/st/stm32cubeide_1.12.1/stm32cubeide/plugins/com.st.stm32cube.ide.mcu.externaltools.gnu-tools-for-stm32.10.3-2021.10.win32_1.0.200.202301161003/tools/bin/../lib/gcc/arm-none-eabi/10.3.1/thumb/v7e-m+fp/hard/crti.o
 .ARM.attributes
                0x000000000000001e       0x34 c:/st/stm32cubeide_1.12.1/stm32cubeide/plugins/com.st.stm32cube.ide.mcu.externaltools.gnu-tools-for-stm32.10.3-2021.10.win32_1.0.200.202301161003/tools/bin/../lib/gcc/arm-none-eabi/10.3.1/thumb/v7e-m+fp/hard/crtbegin.o
 .ARM.attributes
                0x0000000000000052       0x34 ./Core/Src/main.o
 .ARM.attributes
                0x0000000000000086       0x34 ./Core/Src/stm32f4xx_hal_msp.o
 .ARM.attributes
                0x00000000000000ba       0x34 ./Core/Src/stm32f4xx_it.o
 .ARM.attributes
                0x00000000000000ee       0x34 ./Core/Src/system_stm32f4xx.o
 .ARM.attributes
                0x0000000000000122       0x21 ./Core/Startup/startup_stm32f401retx.o
 .ARM.attributes
                0x0000000000000143       0x34 ./Drivers/STM32F4xx_HAL_Driver/Src/stm32f4xx_hal.o
 .ARM.attributes
                0x0000000000000177       0x34 ./Drivers/STM32F4xx_HAL_Driver/Src/stm32f4xx_hal_adc.o
 .ARM.attributes
                0x00000000000001ab       0x34 ./Drivers/STM32F4xx_HAL_Driver/Src/stm32f4xx_hal_adc_ex.o
 .ARM.attributes
                0x00000000000001df       0x34 ./Drivers/STM32F4xx_HAL_Driver/Src/stm32f4xx_hal_cortex.o
 .ARM.attributes
                0x0000000000000213       0x34 ./Drivers/STM32F4xx_HAL_Driver/Src/stm32f4xx_hal_dma.o
 .ARM.attributes
                0x0000000000000247       0x34 ./Drivers/STM32F4xx_HAL_Driver/Src/stm32f4xx_hal_gpio.o
 .ARM.attributes
                0x000000000000027b       0x34 ./Drivers/STM32F4xx_HAL_Driver/Src/stm32f4xx_hal_rcc.o
 .ARM.attributes
                0x00000000000002af       0x34 ./Drivers/STM32F4xx_HAL_Driver/Src/stm32f4xx_hal_tim.o
 .ARM.attributes
                0x00000000000002e3       0x34 ./Drivers/STM32F4xx_HAL_Driver/Src/stm32f4xx_hal_tim_ex.o
 .ARM.attributes
                0x0000000000000317       0x34 ./Drivers/STM32F4xx_HAL_Driver/Src/stm32f4xx_hal_uart.o
 .ARM.attributes
                0x000000000000034b       0x34 c:/st/stm32cubeide_1.12.1/stm32cubeide/plugins/com.st.stm32cube.ide.mcu.externaltools.gnu-tools-for-stm32.10.3-2021.10.win32_1.0.200.202301161003/tools/bin/../lib/gcc/arm-none-eabi/10.3.1/../../../../arm-none-eabi/lib/thumb/v7e-m+fp/hard\libc_nano.a(lib_a-init.o)
 .ARM.attributes
                0x000000000000037f       0x34 c:/st/stm32cubeide_1.12.1/stm32cubeide/plugins/com.st.stm32cube.ide.mcu.externaltools.gnu-tools-for-stm32.10.3-2021.10.win32_1.0.200.202301161003/tools/bin/../lib/gcc/arm-none-eabi/10.3.1/../../../../arm-none-eabi/lib/thumb/v7e-m+fp/hard\libc_nano.a(lib_a-memcpy-stub.o)
 .ARM.attributes
                0x00000000000003b3       0x34 c:/st/stm32cubeide_1.12.1/stm32cubeide/plugins/com.st.stm32cube.ide.mcu.externaltools.gnu-tools-for-stm32.10.3-2021.10.win32_1.0.200.202301161003/tools/bin/../lib/gcc/arm-none-eabi/10.3.1/../../../../arm-none-eabi/lib/thumb/v7e-m+fp/hard\libc_nano.a(lib_a-memset.o)
 .ARM.attributes
                0x00000000000003e7       0x1e c:/st/stm32cubeide_1.12.1/stm32cubeide/plugins/com.st.stm32cube.ide.mcu.externaltools.gnu-tools-for-stm32.10.3-2021.10.win32_1.0.200.202301161003/tools/bin/../lib/gcc/arm-none-eabi/10.3.1/thumb/v7e-m+fp/hard\libgcc.a(_arm_addsubdf3.o)
 .ARM.attributes
                0x0000000000000405       0x1e c:/st/stm32cubeide_1.12.1/stm32cubeide/plugins/com.st.stm32cube.ide.mcu.externaltools.gnu-tools-for-stm32.10.3-2021.10.win32_1.0.200.202301161003/tools/bin/../lib/gcc/arm-none-eabi/10.3.1/thumb/v7e-m+fp/hard\libgcc.a(_arm_cmpdf2.o)
 .ARM.attributes
                0x0000000000000423       0x1e c:/st/stm32cubeide_1.12.1/stm32cubeide/plugins/com.st.stm32cube.ide.mcu.externaltools.gnu-tools-for-stm32.10.3-2021.10.win32_1.0.200.202301161003/tools/bin/../lib/gcc/arm-none-eabi/10.3.1/thumb/v7e-m+fp/hard\libgcc.a(_aeabi_uldivmod.o)
 .ARM.attributes
                0x0000000000000441       0x34 c:/st/stm32cubeide_1.12.1/stm32cubeide/plugins/com.st.stm32cube.ide.mcu.externaltools.gnu-tools-for-stm32.10.3-2021.10.win32_1.0.200.202301161003/tools/bin/../lib/gcc/arm-none-eabi/10.3.1/thumb/v7e-m+fp/hard\libgcc.a(_udivmoddi4.o)
 .ARM.attributes
                0x0000000000000475       0x1e c:/st/stm32cubeide_1.12.1/stm32cubeide/plugins/com.st.stm32cube.ide.mcu.externaltools.gnu-tools-for-stm32.10.3-2021.10.win32_1.0.200.202301161003/tools/bin/../lib/gcc/arm-none-eabi/10.3.1/thumb/v7e-m+fp/hard\libgcc.a(_dvmd_tls.o)
 .ARM.attributes
                0x0000000000000493       0x1e c:/st/stm32cubeide_1.12.1/stm32cubeide/plugins/com.st.stm32cube.ide.mcu.externaltools.gnu-tools-for-stm32.10.3-2021.10.win32_1.0.200.202301161003/tools/bin/../lib/gcc/arm-none-eabi/10.3.1/thumb/v7e-m+fp/hard/crtn.o
OUTPUT(prot3.elf elf32-littlearm)
LOAD linker stubs
LOAD c:/st/stm32cubeide_1.12.1/stm32cubeide/plugins/com.st.stm32cube.ide.mcu.externaltools.gnu-tools-for-stm32.10.3-2021.10.win32_1.0.200.202301161003/tools/bin/../lib/gcc/arm-none-eabi/10.3.1/../../../../arm-none-eabi/lib/thumb/v7e-m+fp/hard\libc.a
LOAD c:/st/stm32cubeide_1.12.1/stm32cubeide/plugins/com.st.stm32cube.ide.mcu.externaltools.gnu-tools-for-stm32.10.3-2021.10.win32_1.0.200.202301161003/tools/bin/../lib/gcc/arm-none-eabi/10.3.1/../../../../arm-none-eabi/lib/thumb/v7e-m+fp/hard\libm.a
LOAD c:/st/stm32cubeide_1.12.1/stm32cubeide/plugins/com.st.stm32cube.ide.mcu.externaltools.gnu-tools-for-stm32.10.3-2021.10.win32_1.0.200.202301161003/tools/bin/../lib/gcc/arm-none-eabi/10.3.1/thumb/v7e-m+fp/hard\libgcc.a

.debug_info     0x0000000000000000    0x1083d
 .debug_info    0x0000000000000000     0x250e ./Core/Src/main.o
 .debug_info    0x000000000000250e     0x138d ./Core/Src/stm32f4xx_hal_msp.o
 .debug_info    0x000000000000389b      0xcc7 ./Core/Src/stm32f4xx_it.o
 .debug_info    0x0000000000004562      0x54f ./Core/Src/system_stm32f4xx.o
 .debug_info    0x0000000000004ab1       0x22 ./Core/Startup/startup_stm32f401retx.o
 .debug_info    0x0000000000004ad3      0x906 ./Drivers/STM32F4xx_HAL_Driver/Src/stm32f4xx_hal.o
 .debug_info    0x00000000000053d9      0xd68 ./Drivers/STM32F4xx_HAL_Driver/Src/stm32f4xx_hal_adc.o
 .debug_info    0x0000000000006141      0xbd4 ./Drivers/STM32F4xx_HAL_Driver/Src/stm32f4xx_hal_adc_ex.o
 .debug_info    0x0000000000006d15      0xd85 ./Drivers/STM32F4xx_HAL_Driver/Src/stm32f4xx_hal_cortex.o
 .debug_info    0x0000000000007a9a      0x947 ./Drivers/STM32F4xx_HAL_Driver/Src/stm32f4xx_hal_dma.o
 .debug_info    0x00000000000083e1      0x78e ./Drivers/STM32F4xx_HAL_Driver/Src/stm32f4xx_hal_gpio.o
 .debug_info    0x0000000000008b6f      0x98c ./Drivers/STM32F4xx_HAL_Driver/Src/stm32f4xx_hal_rcc.o
 .debug_info    0x00000000000094fb     0x2bb6 ./Drivers/STM32F4xx_HAL_Driver/Src/stm32f4xx_hal_tim.o
 .debug_info    0x000000000000c0b1     0x15d8 ./Drivers/STM32F4xx_HAL_Driver/Src/stm32f4xx_hal_tim_ex.o
 .debug_info    0x000000000000d689     0x31b4 ./Drivers/STM32F4xx_HAL_Driver/Src/stm32f4xx_hal_uart.o

.debug_abbrev   0x0000000000000000     0x20c2
 .debug_abbrev  0x0000000000000000      0x3b4 ./Core/Src/main.o
 .debug_abbrev  0x00000000000003b4      0x247 ./Core/Src/stm32f4xx_hal_msp.o
 .debug_abbrev  0x00000000000005fb      0x1b6 ./Core/Src/stm32f4xx_it.o
 .debug_abbrev  0x00000000000007b1      0x116 ./Core/Src/system_stm32f4xx.o
 .debug_abbrev  0x00000000000008c7       0x12 ./Core/Startup/startup_stm32f401retx.o
 .debug_abbrev  0x00000000000008d9      0x23e ./Drivers/STM32F4xx_HAL_Driver/Src/stm32f4xx_hal.o
 .debug_abbrev  0x0000000000000b17      0x204 ./Drivers/STM32F4xx_HAL_Driver/Src/stm32f4xx_hal_adc.o
 .debug_abbrev  0x0000000000000d1b      0x21f ./Drivers/STM32F4xx_HAL_Driver/Src/stm32f4xx_hal_adc_ex.o
 .debug_abbrev  0x0000000000000f3a      0x316 ./Drivers/STM32F4xx_HAL_Driver/Src/stm32f4xx_hal_cortex.o
 .debug_abbrev  0x0000000000001250      0x21b ./Drivers/STM32F4xx_HAL_Driver/Src/stm32f4xx_hal_dma.o
 .debug_abbrev  0x000000000000146b      0x1c4 ./Drivers/STM32F4xx_HAL_Driver/Src/stm32f4xx_hal_gpio.o
 .debug_abbrev  0x000000000000162f      0x2aa ./Drivers/STM32F4xx_HAL_Driver/Src/stm32f4xx_hal_rcc.o
 .debug_abbrev  0x00000000000018d9      0x26e ./Drivers/STM32F4xx_HAL_Driver/Src/stm32f4xx_hal_tim.o
 .debug_abbrev  0x0000000000001b47      0x276 ./Drivers/STM32F4xx_HAL_Driver/Src/stm32f4xx_hal_tim_ex.o
 .debug_abbrev  0x0000000000001dbd      0x305 ./Drivers/STM32F4xx_HAL_Driver/Src/stm32f4xx_hal_uart.o

.debug_aranges  0x0000000000000000      0xe08
 .debug_aranges
                0x0000000000000000       0xb0 ./Core/Src/main.o
 .debug_aranges
                0x00000000000000b0       0x58 ./Core/Src/stm32f4xx_hal_msp.o
 .debug_aranges
                0x0000000000000108       0x88 ./Core/Src/stm32f4xx_it.o
 .debug_aranges
                0x0000000000000190       0x28 ./Core/Src/system_stm32f4xx.o
 .debug_aranges
                0x00000000000001b8       0x28 ./Core/Startup/startup_stm32f401retx.o
 .debug_aranges
                0x00000000000001e0       0xf0 ./Drivers/STM32F4xx_HAL_Driver/Src/stm32f4xx_hal.o
 .debug_aranges
                0x00000000000002d0       0xe8 ./Drivers/STM32F4xx_HAL_Driver/Src/stm32f4xx_hal_adc.o
 .debug_aranges
                0x00000000000003b8       0x90 ./Drivers/STM32F4xx_HAL_Driver/Src/stm32f4xx_hal_adc_ex.o
 .debug_aranges
                0x0000000000000448      0x118 ./Drivers/STM32F4xx_HAL_Driver/Src/stm32f4xx_hal_cortex.o
 .debug_aranges
                0x0000000000000560       0x90 ./Drivers/STM32F4xx_HAL_Driver/Src/stm32f4xx_hal_dma.o
 .debug_aranges
                0x00000000000005f0       0x58 ./Drivers/STM32F4xx_HAL_Driver/Src/stm32f4xx_hal_gpio.o
 .debug_aranges
                0x0000000000000648       0x88 ./Drivers/STM32F4xx_HAL_Driver/Src/stm32f4xx_hal_rcc.o
 .debug_aranges
                0x00000000000006d0      0x3d0 ./Drivers/STM32F4xx_HAL_Driver/Src/stm32f4xx_hal_tim.o
 .debug_aranges
                0x0000000000000aa0      0x168 ./Drivers/STM32F4xx_HAL_Driver/Src/stm32f4xx_hal_tim_ex.o
 .debug_aranges
                0x0000000000000c08      0x200 ./Drivers/STM32F4xx_HAL_Driver/Src/stm32f4xx_hal_uart.o

.debug_ranges   0x0000000000000000      0xd50
 .debug_ranges  0x0000000000000000       0xa0 ./Core/Src/main.o
 .debug_ranges  0x00000000000000a0       0x48 ./Core/Src/stm32f4xx_hal_msp.o
 .debug_ranges  0x00000000000000e8       0x78 ./Core/Src/stm32f4xx_it.o
 .debug_ranges  0x0000000000000160       0x18 ./Core/Src/system_stm32f4xx.o
 .debug_ranges  0x0000000000000178       0x20 ./Core/Startup/startup_stm32f401retx.o
 .debug_ranges  0x0000000000000198       0xe0 ./Drivers/STM32F4xx_HAL_Driver/Src/stm32f4xx_hal.o
 .debug_ranges  0x0000000000000278       0xd8 ./Drivers/STM32F4xx_HAL_Driver/Src/stm32f4xx_hal_adc.o
 .debug_ranges  0x0000000000000350       0x80 ./Drivers/STM32F4xx_HAL_Driver/Src/stm32f4xx_hal_adc_ex.o
 .debug_ranges  0x00000000000003d0      0x108 ./Drivers/STM32F4xx_HAL_Driver/Src/stm32f4xx_hal_cortex.o
 .debug_ranges  0x00000000000004d8       0x80 ./Drivers/STM32F4xx_HAL_Driver/Src/stm32f4xx_hal_dma.o
 .debug_ranges  0x0000000000000558       0x48 ./Drivers/STM32F4xx_HAL_Driver/Src/stm32f4xx_hal_gpio.o
 .debug_ranges  0x00000000000005a0       0x78 ./Drivers/STM32F4xx_HAL_Driver/Src/stm32f4xx_hal_rcc.o
 .debug_ranges  0x0000000000000618      0x3c0 ./Drivers/STM32F4xx_HAL_Driver/Src/stm32f4xx_hal_tim.o
 .debug_ranges  0x00000000000009d8      0x158 ./Drivers/STM32F4xx_HAL_Driver/Src/stm32f4xx_hal_tim_ex.o
 .debug_ranges  0x0000000000000b30      0x220 ./Drivers/STM32F4xx_HAL_Driver/Src/stm32f4xx_hal_uart.o

.debug_macro    0x0000000000000000    0x1748b
 .debug_macro   0x0000000000000000      0x33d ./Core/Src/main.o
 .debug_macro   0x000000000000033d      0xa78 ./Core/Src/main.o
 .debug_macro   0x0000000000000db5      0x2a1 ./Core/Src/main.o
 .debug_macro   0x0000000000001056       0x2e ./Core/Src/main.o
 .debug_macro   0x0000000000001084       0x28 ./Core/Src/main.o
 .debug_macro   0x00000000000010ac       0x22 ./Core/Src/main.o
 .debug_macro   0x00000000000010ce       0x8e ./Core/Src/main.o
 .debug_macro   0x000000000000115c       0x51 ./Core/Src/main.o
 .debug_macro   0x00000000000011ad      0x103 ./Core/Src/main.o
 .debug_macro   0x00000000000012b0       0x6a ./Core/Src/main.o
 .debug_macro   0x000000000000131a      0x1df ./Core/Src/main.o
 .debug_macro   0x00000000000014f9       0x1c ./Core/Src/main.o
 .debug_macro   0x0000000000001515       0x22 ./Core/Src/main.o
 .debug_macro   0x0000000000001537       0xd9 ./Core/Src/main.o
 .debug_macro   0x0000000000001610     0x102d ./Core/Src/main.o
 .debug_macro   0x000000000000263d      0x11f ./Core/Src/main.o
 .debug_macro   0x000000000000275c     0xb86c ./Core/Src/main.o
 .debug_macro   0x000000000000dfc8       0x6d ./Core/Src/main.o
 .debug_macro   0x000000000000e035     0x367e ./Core/Src/main.o
 .debug_macro   0x00000000000116b3      0x174 ./Core/Src/main.o
 .debug_macro   0x0000000000011827       0x5c ./Core/Src/main.o
 .debug_macro   0x0000000000011883      0x416 ./Core/Src/main.o
 .debug_macro   0x0000000000011c99      0x9fe ./Core/Src/main.o
 .debug_macro   0x0000000000012697      0x115 ./Core/Src/main.o
 .debug_macro   0x00000000000127ac       0xf8 ./Core/Src/main.o
 .debug_macro   0x00000000000128a4       0xa5 ./Core/Src/main.o
 .debug_macro   0x0000000000012949      0x15f ./Core/Src/main.o
 .debug_macro   0x0000000000012aa8      0x287 ./Core/Src/main.o
 .debug_macro   0x0000000000012d2f       0x5f ./Core/Src/main.o
 .debug_macro   0x0000000000012d8e      0x236 ./Core/Src/main.o
 .debug_macro   0x0000000000012fc4      0x9e1 ./Core/Src/main.o
 .debug_macro   0x00000000000139a5      0x38b ./Core/Src/main.o
 .debug_macro   0x0000000000013d30      0x176 ./Core/Src/main.o
 .debug_macro   0x0000000000013ea6       0xf9 ./Core/Src/main.o
 .debug_macro   0x0000000000013f9f      0x132 ./Core/Src/main.o
 .debug_macro   0x00000000000140d1      0x264 ./Core/Src/main.o
 .debug_macro   0x0000000000014335       0x2e ./Core/Src/main.o
 .debug_macro   0x0000000000014363      0x11a ./Core/Src/main.o
 .debug_macro   0x000000000001447d       0x85 ./Core/Src/main.o
 .debug_macro   0x0000000000014502       0x89 ./Core/Src/main.o
 .debug_macro   0x000000000001458b      0x8e6 ./Core/Src/main.o
 .debug_macro   0x0000000000014e71       0x47 ./Core/Src/main.o
 .debug_macro   0x0000000000014eb8      0x295 ./Core/Src/main.o
 .debug_macro   0x000000000001514d      0x126 ./Core/Src/main.o
 .debug_macro   0x0000000000015273       0x58 ./Core/Src/main.o
 .debug_macro   0x00000000000152cb       0x52 ./Core/Src/main.o
 .debug_macro   0x000000000001531d       0x1e ./Core/Src/main.o
 .debug_macro   0x000000000001533b       0x3c ./Core/Src/main.o
 .debug_macro   0x0000000000015377       0x34 ./Core/Src/main.o
 .debug_macro   0x00000000000153ab       0x16 ./Core/Src/main.o
 .debug_macro   0x00000000000153c1       0x43 ./Core/Src/main.o
 .debug_macro   0x0000000000015404       0x34 ./Core/Src/main.o
 .debug_macro   0x0000000000015438       0x10 ./Core/Src/main.o
 .debug_macro   0x0000000000015448       0x58 ./Core/Src/main.o
 .debug_macro   0x00000000000154a0       0x71 ./Core/Src/main.o
 .debug_macro   0x0000000000015511       0x1c ./Core/Src/main.o
 .debug_macro   0x000000000001552d      0x12a ./Core/Src/main.o
 .debug_macro   0x0000000000015657      0x341 ./Core/Src/main.o
 .debug_macro   0x0000000000015998       0x10 ./Core/Src/main.o
 .debug_macro   0x00000000000159a8       0x35 ./Core/Src/main.o
 .debug_macro   0x00000000000159dd       0x20 ./Core/Src/main.o
 .debug_macro   0x00000000000159fd       0x16 ./Core/Src/main.o
 .debug_macro   0x0000000000015a13       0x16 ./Core/Src/main.o
 .debug_macro   0x0000000000015a29       0x29 ./Core/Src/main.o
 .debug_macro   0x0000000000015a52      0x205 ./Core/Src/stm32f4xx_hal_msp.o
 .debug_macro   0x0000000000015c57      0x20f ./Core/Src/stm32f4xx_it.o
 .debug_macro   0x0000000000015e66      0x1f6 ./Core/Src/system_stm32f4xx.o
 .debug_macro   0x000000000001605c      0x256 ./Drivers/STM32F4xx_HAL_Driver/Src/stm32f4xx_hal.o
 .debug_macro   0x00000000000162b2      0x1f7 ./Drivers/STM32F4xx_HAL_Driver/Src/stm32f4xx_hal_adc.o
 .debug_macro   0x00000000000164a9      0x1f6 ./Drivers/STM32F4xx_HAL_Driver/Src/stm32f4xx_hal_adc_ex.o
 .debug_macro   0x000000000001669f      0x1f6 ./Drivers/STM32F4xx_HAL_Driver/Src/stm32f4xx_hal_cortex.o
 .debug_macro   0x0000000000016895      0x1fc ./Drivers/STM32F4xx_HAL_Driver/Src/stm32f4xx_hal_dma.o
 .debug_macro   0x0000000000016a91      0x1fc ./Drivers/STM32F4xx_HAL_Driver/Src/stm32f4xx_hal_gpio.o
 .debug_macro   0x0000000000016c8d      0x21a ./Drivers/STM32F4xx_HAL_Driver/Src/stm32f4xx_hal_rcc.o
 .debug_macro   0x0000000000016ea7      0x1f7 ./Drivers/STM32F4xx_HAL_Driver/Src/stm32f4xx_hal_tim.o
 .debug_macro   0x000000000001709e      0x1f6 ./Drivers/STM32F4xx_HAL_Driver/Src/stm32f4xx_hal_tim_ex.o
 .debug_macro   0x0000000000017294      0x1f7 ./Drivers/STM32F4xx_HAL_Driver/Src/stm32f4xx_hal_uart.o

.debug_line     0x0000000000000000    0x107d4
 .debug_line    0x0000000000000000     0x1723 ./Core/Src/main.o
 .debug_line    0x0000000000001723      0x8a8 ./Core/Src/stm32f4xx_hal_msp.o
 .debug_line    0x0000000000001fcb      0x845 ./Core/Src/stm32f4xx_it.o
 .debug_line    0x0000000000002810      0x78c ./Core/Src/system_stm32f4xx.o
 .debug_line    0x0000000000002f9c       0x88 ./Core/Startup/startup_stm32f401retx.o
 .debug_line    0x0000000000003024      0x9f2 ./Drivers/STM32F4xx_HAL_Driver/Src/stm32f4xx_hal.o
 .debug_line    0x0000000000003a16     0x119c ./Drivers/STM32F4xx_HAL_Driver/Src/stm32f4xx_hal_adc.o
 .debug_line    0x0000000000004bb2      0xeb2 ./Drivers/STM32F4xx_HAL_Driver/Src/stm32f4xx_hal_adc_ex.o
 .debug_line    0x0000000000005a64      0xca1 ./Drivers/STM32F4xx_HAL_Driver/Src/stm32f4xx_hal_cortex.o
 .debug_line    0x0000000000006705      0xf56 ./Drivers/STM32F4xx_HAL_Driver/Src/stm32f4xx_hal_dma.o
 .debug_line    0x000000000000765b      0xb2a ./Drivers/STM32F4xx_HAL_Driver/Src/stm32f4xx_hal_gpio.o
 .debug_line    0x0000000000008185      0xd6e ./Drivers/STM32F4xx_HAL_Driver/Src/stm32f4xx_hal_rcc.o
 .debug_line    0x0000000000008ef3     0x34c0 ./Drivers/STM32F4xx_HAL_Driver/Src/stm32f4xx_hal_tim.o
 .debug_line    0x000000000000c3b3     0x198a ./Drivers/STM32F4xx_HAL_Driver/Src/stm32f4xx_hal_tim_ex.o
 .debug_line    0x000000000000dd3d     0x2a97 ./Drivers/STM32F4xx_HAL_Driver/Src/stm32f4xx_hal_uart.o

.debug_str      0x0000000000000000    0x988db
 .debug_str     0x0000000000000000    0x95975 ./Core/Src/main.o
                                      0x95db5 (size before relaxing)
 .debug_str     0x0000000000095975      0x10a ./Core/Src/stm32f4xx_hal_msp.o
                                      0x92555 (size before relaxing)
 .debug_str     0x0000000000095a7f      0x160 ./Core/Src/stm32f4xx_it.o
                                      0x92025 (size before relaxing)
 .debug_str     0x0000000000095bdf       0xdb ./Core/Src/system_stm32f4xx.o
                                      0x916bc (size before relaxing)
 .debug_str     0x0000000000095cba       0x36 ./Core/Startup/startup_stm32f401retx.o
                                         0x6f (size before relaxing)
 .debug_str     0x0000000000095cf0      0x5fa ./Drivers/STM32F4xx_HAL_Driver/Src/stm32f4xx_hal.o
                                      0x920de (size before relaxing)
 .debug_str     0x00000000000962ea      0x2a6 ./Drivers/STM32F4xx_HAL_Driver/Src/stm32f4xx_hal_adc.o
                                      0x91c97 (size before relaxing)
 .debug_str     0x0000000000096590      0x2df ./Drivers/STM32F4xx_HAL_Driver/Src/stm32f4xx_hal_adc_ex.o
                                      0x91ceb (size before relaxing)
 .debug_str     0x000000000009686f      0x31c ./Drivers/STM32F4xx_HAL_Driver/Src/stm32f4xx_hal_cortex.o
                                      0x91dff (size before relaxing)
 .debug_str     0x0000000000096b8b      0x2d5 ./Drivers/STM32F4xx_HAL_Driver/Src/stm32f4xx_hal_dma.o
                                      0x91ac4 (size before relaxing)
 .debug_str     0x0000000000096e60      0x10e ./Drivers/STM32F4xx_HAL_Driver/Src/stm32f4xx_hal_gpio.o
                                      0x91837 (size before relaxing)
 .debug_str     0x0000000000096f6e      0x233 ./Drivers/STM32F4xx_HAL_Driver/Src/stm32f4xx_hal_rcc.o
                                      0x91af0 (size before relaxing)
 .debug_str     0x00000000000971a1      0xcea ./Drivers/STM32F4xx_HAL_Driver/Src/stm32f4xx_hal_tim.o
                                      0x92a24 (size before relaxing)
 .debug_str     0x0000000000097e8b      0x493 ./Drivers/STM32F4xx_HAL_Driver/Src/stm32f4xx_hal_tim_ex.o
                                      0x92240 (size before relaxing)
 .debug_str     0x000000000009831e      0x5bd ./Drivers/STM32F4xx_HAL_Driver/Src/stm32f4xx_hal_uart.o
                                      0x9207d (size before relaxing)

.comment        0x0000000000000000       0x50
 .comment       0x0000000000000000       0x50 ./Core/Src/main.o
                                         0x51 (size before relaxing)
 .comment       0x0000000000000050       0x51 ./Core/Src/stm32f4xx_hal_msp.o
 .comment       0x0000000000000050       0x51 ./Core/Src/stm32f4xx_it.o
 .comment       0x0000000000000050       0x51 ./Core/Src/system_stm32f4xx.o
 .comment       0x0000000000000050       0x51 ./Drivers/STM32F4xx_HAL_Driver/Src/stm32f4xx_hal.o
 .comment       0x0000000000000050       0x51 ./Drivers/STM32F4xx_HAL_Driver/Src/stm32f4xx_hal_adc.o
 .comment       0x0000000000000050       0x51 ./Drivers/STM32F4xx_HAL_Driver/Src/stm32f4xx_hal_adc_ex.o
 .comment       0x0000000000000050       0x51 ./Drivers/STM32F4xx_HAL_Driver/Src/stm32f4xx_hal_cortex.o
 .comment       0x0000000000000050       0x51 ./Drivers/STM32F4xx_HAL_Driver/Src/stm32f4xx_hal_dma.o
 .comment       0x0000000000000050       0x51 ./Drivers/STM32F4xx_HAL_Driver/Src/stm32f4xx_hal_gpio.o
 .comment       0x0000000000000050       0x51 ./Drivers/STM32F4xx_HAL_Driver/Src/stm32f4xx_hal_rcc.o
 .comment       0x0000000000000050       0x51 ./Drivers/STM32F4xx_HAL_Driver/Src/stm32f4xx_hal_tim.o
 .comment       0x0000000000000050       0x51 ./Drivers/STM32F4xx_HAL_Driver/Src/stm32f4xx_hal_tim_ex.o
 .comment       0x0000000000000050       0x51 ./Drivers/STM32F4xx_HAL_Driver/Src/stm32f4xx_hal_uart.o

.debug_frame    0x0000000000000000     0x3cf0
 .debug_frame   0x0000000000000000      0x28c ./Core/Src/main.o
 .debug_frame   0x000000000000028c      0x130 ./Core/Src/stm32f4xx_hal_msp.o
 .debug_frame   0x00000000000003bc      0x190 ./Core/Src/stm32f4xx_it.o
 .debug_frame   0x000000000000054c       0x58 ./Core/Src/system_stm32f4xx.o
 .debug_frame   0x00000000000005a4      0x374 ./Drivers/STM32F4xx_HAL_Driver/Src/stm32f4xx_hal.o
 .debug_frame   0x0000000000000918      0x3fc ./Drivers/STM32F4xx_HAL_Driver/Src/stm32f4xx_hal_adc.o
 .debug_frame   0x0000000000000d14      0x250 ./Drivers/STM32F4xx_HAL_Driver/Src/stm32f4xx_hal_adc_ex.o
 .debug_frame   0x0000000000000f64      0x498 ./Drivers/STM32F4xx_HAL_Driver/Src/stm32f4xx_hal_cortex.o
 .debug_frame   0x00000000000013fc      0x250 ./Drivers/STM32F4xx_HAL_Driver/Src/stm32f4xx_hal_dma.o
 .debug_frame   0x000000000000164c      0x14c ./Drivers/STM32F4xx_HAL_Driver/Src/stm32f4xx_hal_gpio.o
 .debug_frame   0x0000000000001798      0x1f4 ./Drivers/STM32F4xx_HAL_Driver/Src/stm32f4xx_hal_rcc.o
 .debug_frame   0x000000000000198c     0x11bc ./Drivers/STM32F4xx_HAL_Driver/Src/stm32f4xx_hal_tim.o
 .debug_frame   0x0000000000002b48      0x638 ./Drivers/STM32F4xx_HAL_Driver/Src/stm32f4xx_hal_tim_ex.o
 .debug_frame   0x0000000000003180      0x92c ./Drivers/STM32F4xx_HAL_Driver/Src/stm32f4xx_hal_uart.o
 .debug_frame   0x0000000000003aac       0x2c c:/st/stm32cubeide_1.12.1/stm32cubeide/plugins/com.st.stm32cube.ide.mcu.externaltools.gnu-tools-for-stm32.10.3-2021.10.win32_1.0.200.202301161003/tools/bin/../lib/gcc/arm-none-eabi/10.3.1/../../../../arm-none-eabi/lib/thumb/v7e-m+fp/hard\libc_nano.a(lib_a-init.o)
 .debug_frame   0x0000000000003ad8       0x28 c:/st/stm32cubeide_1.12.1/stm32cubeide/plugins/com.st.stm32cube.ide.mcu.externaltools.gnu-tools-for-stm32.10.3-2021.10.win32_1.0.200.202301161003/tools/bin/../lib/gcc/arm-none-eabi/10.3.1/../../../../arm-none-eabi/lib/thumb/v7e-m+fp/hard\libc_nano.a(lib_a-memcpy-stub.o)
 .debug_frame   0x0000000000003b00       0x20 c:/st/stm32cubeide_1.12.1/stm32cubeide/plugins/com.st.stm32cube.ide.mcu.externaltools.gnu-tools-for-stm32.10.3-2021.10.win32_1.0.200.202301161003/tools/bin/../lib/gcc/arm-none-eabi/10.3.1/../../../../arm-none-eabi/lib/thumb/v7e-m+fp/hard\libc_nano.a(lib_a-memset.o)
 .debug_frame   0x0000000000003b20       0xac c:/st/stm32cubeide_1.12.1/stm32cubeide/plugins/com.st.stm32cube.ide.mcu.externaltools.gnu-tools-for-stm32.10.3-2021.10.win32_1.0.200.202301161003/tools/bin/../lib/gcc/arm-none-eabi/10.3.1/thumb/v7e-m+fp/hard\libgcc.a(_arm_addsubdf3.o)
 .debug_frame   0x0000000000003bcc       0xc4 c:/st/stm32cubeide_1.12.1/stm32cubeide/plugins/com.st.stm32cube.ide.mcu.externaltools.gnu-tools-for-stm32.10.3-2021.10.win32_1.0.200.202301161003/tools/bin/../lib/gcc/arm-none-eabi/10.3.1/thumb/v7e-m+fp/hard\libgcc.a(_arm_cmpdf2.o)
 .debug_frame   0x0000000000003c90       0x2c c:/st/stm32cubeide_1.12.1/stm32cubeide/plugins/com.st.stm32cube.ide.mcu.externaltools.gnu-tools-for-stm32.10.3-2021.10.win32_1.0.200.202301161003/tools/bin/../lib/gcc/arm-none-eabi/10.3.1/thumb/v7e-m+fp/hard\libgcc.a(_aeabi_uldivmod.o)
 .debug_frame   0x0000000000003cbc       0x34 c:/st/stm32cubeide_1.12.1/stm32cubeide/plugins/com.st.stm32cube.ide.mcu.externaltools.gnu-tools-for-stm32.10.3-2021.10.win32_1.0.200.202301161003/tools/bin/../lib/gcc/arm-none-eabi/10.3.1/thumb/v7e-m+fp/hard\libgcc.a(_udivmoddi4.o)
