../Core/Src/main.c:197:6:HAL_UART_RxCpltCallback	16	static
../Core/Src/main.c:213:6:HAL_TIM_PeriodElapsedCallback	16	static
../Core/Src/main.c:236:6:uart	4	static
../Core/Src/main.c:245:6:initEsp	8	static
../Core/Src/main.c:302:6:recibirmensaje	8	static
../Core/Src/main.c:716:6:udpCom	16	static
../Core/Src/main.c:784:6:DecodeComands	24	static
../Core/Src/main.c:931:6:findLine	48	static
../Core/Src/main.c:976:6:calcPID	24	static
../Core/Src/main.c:1029:5:main	8	static
../Core/Src/main.c:1181:6:SystemClock_Config	88	static
../Core/Src/main.c:1228:13:MX_ADC1_Init	24	static
../Core/Src/main.c:1334:13:MX_TIM3_Init	64	static
../Core/Src/main.c:1405:13:MX_TIM4_Init	32	static
../Core/Src/main.c:1450:13:MX_USART1_UART_Init	8	static
../Core/Src/main.c:1483:13:MX_USART2_UART_Init	8	static
../Core/Src/main.c:1514:13:MX_DMA_Init	16	static
../Core/Src/main.c:1532:13:MX_GPIO_Init	48	static
../Core/Src/main.c:1572:6:Error_Handler	4	static,ignoring_inline_asm
